<!doctype html public "-//w3c//dtd html 4.0 transitional//en">
<html><head>
<title>Static Call Graph - [STM32L4R9I_DISCOVERY\STM32L4R9I_DISCOVERY.axf]</title></head>
<body><HR>
<H1>Static Call Graph for image STM32L4R9I_DISCOVERY\STM32L4R9I_DISCOVERY.axf</H1><HR>
<BR><P>#&#060CALLGRAPH&#062# ARM Linker, 5060750: Last Updated: Tue Jul 05 23:16:29 2022
<BR><P>
<H3>Maximum Stack Usage =       1496 bytes + Unknown(Cycles, Untraceable Function Pointers)</H3><H3>
Call chain for Maximum Stack Depth:</H3>
FrontendApplicationBase::gotoWatchScreenNoTransitionImpl() &rArr; T2* touchgfx::makeTransition&lang;WatchView, WatchPresenter, touchgfx::NoTransition, Model&rang;(touchgfx::Screen**, touchgfx::Presenter**, touchgfx::MVPHeap&, touchgfx::Transition**, T4*) &rArr; WatchView::WatchView() &rArr; WatchViewBase::WatchViewBase() &rArr; touchgfx::TextureMapper::setBitmap(const touchgfx::Bitmap&) &rArr; touchgfx::TextureMapper::applyTransformation() &rArr; touchgfx::operator *(const touchgfx::Matrix4x4&, const touchgfx::Matrix4x4&)
<P>
<H3>
Mutually Recursive functions
</H3> <LI><a href="#[49]">ADC1_IRQHandler</a>&nbsp;&nbsp;&nbsp;&rArr;&nbsp;&nbsp;&nbsp;<a href="#[49]">ADC1_IRQHandler</a><BR>
 <LI><a href="#[31]">BusFault_Handler</a>&nbsp;&nbsp;&nbsp;&rArr;&nbsp;&nbsp;&nbsp;<a href="#[31]">BusFault_Handler</a><BR>
 <LI><a href="#[2f]">HardFault_Handler</a>&nbsp;&nbsp;&nbsp;&rArr;&nbsp;&nbsp;&nbsp;<a href="#[2f]">HardFault_Handler</a><BR>
 <LI><a href="#[30]">MemManage_Handler</a>&nbsp;&nbsp;&nbsp;&rArr;&nbsp;&nbsp;&nbsp;<a href="#[30]">MemManage_Handler</a><BR>
 <LI><a href="#[be]">StartDefaultTask</a>&nbsp;&nbsp;&nbsp;&rArr;&nbsp;&nbsp;&nbsp;<a href="#[be]">StartDefaultTask</a><BR>
 <LI><a href="#[32]">UsageFault_Handler</a>&nbsp;&nbsp;&nbsp;&rArr;&nbsp;&nbsp;&nbsp;<a href="#[32]">UsageFault_Handler</a><BR>
 <LI><a href="#[2b5]">touchgfx::TouchCalibration::muldivu(unsigned, unsigned, unsigned, unsigned, unsigned, unsigned&)</a>&nbsp;&nbsp;&nbsp;&rArr;&nbsp;&nbsp;&nbsp;<a href="#[2b5]">touchgfx::TouchCalibration::muldivu(unsigned, unsigned, unsigned, unsigned, unsigned, unsigned&)</a><BR>
 <LI><a href="#[2d4]">touchgfx::Screen::JSMOC(const touchgfx::Rect&, touchgfx::Drawable*)</a>&nbsp;&nbsp;&nbsp;&rArr;&nbsp;&nbsp;&nbsp;<a href="#[2d4]">touchgfx::Screen::JSMOC(const touchgfx::Rect&, touchgfx::Drawable*)</a><BR>
</UL>
<P>
<H3>
Function Pointers
</H3><UL>
 <LI><a href="#[49]">ADC1_IRQHandler</a> from startup_stm32l4r9xx.o(.text) referenced from startup_stm32l4r9xx.o(RESET)
 <LI><a href="#[31]">BusFault_Handler</a> from stm32l4xx_it.o(i.BusFault_Handler) referenced from startup_stm32l4r9xx.o(RESET)
 <LI><a href="#[4b]">CAN1_RX0_IRQHandler</a> from startup_stm32l4r9xx.o(.text) referenced from startup_stm32l4r9xx.o(RESET)
 <LI><a href="#[4c]">CAN1_RX1_IRQHandler</a> from startup_stm32l4r9xx.o(.text) referenced from startup_stm32l4r9xx.o(RESET)
 <LI><a href="#[4d]">CAN1_SCE_IRQHandler</a> from startup_stm32l4r9xx.o(.text) referenced from startup_stm32l4r9xx.o(RESET)
 <LI><a href="#[4a]">CAN1_TX_IRQHandler</a> from startup_stm32l4r9xx.o(.text) referenced from startup_stm32l4r9xx.o(RESET)
 <LI><a href="#[76]">COMP_IRQHandler</a> from startup_stm32l4r9xx.o(.text) referenced from startup_stm32l4r9xx.o(RESET)
 <LI><a href="#[87]">CRS_IRQHandler</a> from startup_stm32l4r9xx.o(.text) referenced from startup_stm32l4r9xx.o(RESET)
 <LI><a href="#[8a]">DCMI_IRQHandler</a> from startup_stm32l4r9xx.o(.text) referenced from startup_stm32l4r9xx.o(RESET)
 <LI><a href="#[73]">DFSDM1_FLT0_IRQHandler</a> from startup_stm32l4r9xx.o(.text) referenced from startup_stm32l4r9xx.o(RESET)
 <LI><a href="#[74]">DFSDM1_FLT1_IRQHandler</a> from startup_stm32l4r9xx.o(.text) referenced from startup_stm32l4r9xx.o(RESET)
 <LI><a href="#[75]">DFSDM1_FLT2_IRQHandler</a> from startup_stm32l4r9xx.o(.text) referenced from startup_stm32l4r9xx.o(RESET)
 <LI><a href="#[61]">DFSDM1_FLT3_IRQHandler</a> from startup_stm32l4r9xx.o(.text) referenced from startup_stm32l4r9xx.o(RESET)
 <LI><a href="#[42]">DMA1_Channel1_IRQHandler</a> from startup_stm32l4r9xx.o(.text) referenced from startup_stm32l4r9xx.o(RESET)
 <LI><a href="#[43]">DMA1_Channel2_IRQHandler</a> from startup_stm32l4r9xx.o(.text) referenced from startup_stm32l4r9xx.o(RESET)
 <LI><a href="#[44]">DMA1_Channel3_IRQHandler</a> from startup_stm32l4r9xx.o(.text) referenced from startup_stm32l4r9xx.o(RESET)
 <LI><a href="#[45]">DMA1_Channel4_IRQHandler</a> from startup_stm32l4r9xx.o(.text) referenced from startup_stm32l4r9xx.o(RESET)
 <LI><a href="#[46]">DMA1_Channel5_IRQHandler</a> from startup_stm32l4r9xx.o(.text) referenced from startup_stm32l4r9xx.o(RESET)
 <LI><a href="#[47]">DMA1_Channel6_IRQHandler</a> from startup_stm32l4r9xx.o(.text) referenced from startup_stm32l4r9xx.o(RESET)
 <LI><a href="#[48]">DMA1_Channel7_IRQHandler</a> from startup_stm32l4r9xx.o(.text) referenced from startup_stm32l4r9xx.o(RESET)
 <LI><a href="#[8b]">DMA2D_IRQHandler</a> from stm32l4xx_it.o(i.DMA2D_IRQHandler) referenced from startup_stm32l4r9xx.o(RESET)
 <LI><a href="#[6e]">DMA2_Channel1_IRQHandler</a> from startup_stm32l4r9xx.o(.text) referenced from startup_stm32l4r9xx.o(RESET)
 <LI><a href="#[6f]">DMA2_Channel2_IRQHandler</a> from startup_stm32l4r9xx.o(.text) referenced from startup_stm32l4r9xx.o(RESET)
 <LI><a href="#[70]">DMA2_Channel3_IRQHandler</a> from startup_stm32l4r9xx.o(.text) referenced from startup_stm32l4r9xx.o(RESET)
 <LI><a href="#[71]">DMA2_Channel4_IRQHandler</a> from startup_stm32l4r9xx.o(.text) referenced from startup_stm32l4r9xx.o(RESET)
 <LI><a href="#[72]">DMA2_Channel5_IRQHandler</a> from startup_stm32l4r9xx.o(.text) referenced from startup_stm32l4r9xx.o(RESET)
 <LI><a href="#[7a]">DMA2_Channel6_IRQHandler</a> from startup_stm32l4r9xx.o(.text) referenced from startup_stm32l4r9xx.o(RESET)
 <LI><a href="#[7b]">DMA2_Channel7_IRQHandler</a> from startup_stm32l4r9xx.o(.text) referenced from startup_stm32l4r9xx.o(RESET)
 <LI><a href="#[8f]">DMAMUX1_OVR_IRQHandler</a> from startup_stm32l4r9xx.o(.text) referenced from startup_stm32l4r9xx.o(RESET)
 <LI><a href="#[84]">DSI_IRQHandler</a> from stm32l4xx_it.o(i.DSI_IRQHandler) referenced from startup_stm32l4r9xx.o(RESET)
 <LI><a href="#[34]">DebugMon_Handler</a> from stm32l4xx_it.o(i.DebugMon_Handler) referenced from startup_stm32l4r9xx.o(RESET)
 <LI><a href="#[3d]">EXTI0_IRQHandler</a> from startup_stm32l4r9xx.o(.text) referenced from startup_stm32l4r9xx.o(RESET)
 <LI><a href="#[5f]">EXTI15_10_IRQHandler</a> from startup_stm32l4r9xx.o(.text) referenced from startup_stm32l4r9xx.o(RESET)
 <LI><a href="#[3e]">EXTI1_IRQHandler</a> from startup_stm32l4r9xx.o(.text) referenced from startup_stm32l4r9xx.o(RESET)
 <LI><a href="#[3f]">EXTI2_IRQHandler</a> from startup_stm32l4r9xx.o(.text) referenced from startup_stm32l4r9xx.o(RESET)
 <LI><a href="#[40]">EXTI3_IRQHandler</a> from startup_stm32l4r9xx.o(.text) referenced from startup_stm32l4r9xx.o(RESET)
 <LI><a href="#[41]">EXTI4_IRQHandler</a> from startup_stm32l4r9xx.o(.text) referenced from startup_stm32l4r9xx.o(RESET)
 <LI><a href="#[4e]">EXTI9_5_IRQHandler</a> from startup_stm32l4r9xx.o(.text) referenced from startup_stm32l4r9xx.o(RESET)
 <LI><a href="#[3b]">FLASH_IRQHandler</a> from startup_stm32l4r9xx.o(.text) referenced from startup_stm32l4r9xx.o(RESET)
 <LI><a href="#[66]">FMC_IRQHandler</a> from startup_stm32l4r9xx.o(.text) referenced from startup_stm32l4r9xx.o(RESET)
 <LI><a href="#[86]">FPU_IRQHandler</a> from startup_stm32l4r9xx.o(.text) referenced from startup_stm32l4r9xx.o(RESET)
 <LI><a href="#[8e]">GFXMMU_IRQHandler</a> from startup_stm32l4r9xx.o(.text) referenced from startup_stm32l4r9xx.o(RESET)
 <LI><a href="#[2f]">HardFault_Handler</a> from stm32l4xx_it.o(i.HardFault_Handler) referenced from startup_stm32l4r9xx.o(RESET)
 <LI><a href="#[57]">I2C1_ER_IRQHandler</a> from stm32l4xx_it.o(i.I2C1_ER_IRQHandler) referenced from startup_stm32l4r9xx.o(RESET)
 <LI><a href="#[56]">I2C1_EV_IRQHandler</a> from stm32l4xx_it.o(i.I2C1_EV_IRQHandler) referenced from startup_stm32l4r9xx.o(RESET)
 <LI><a href="#[59]">I2C2_ER_IRQHandler</a> from startup_stm32l4r9xx.o(.text) referenced from startup_stm32l4r9xx.o(RESET)
 <LI><a href="#[58]">I2C2_EV_IRQHandler</a> from startup_stm32l4r9xx.o(.text) referenced from startup_stm32l4r9xx.o(RESET)
 <LI><a href="#[7f]">I2C3_ER_IRQHandler</a> from startup_stm32l4r9xx.o(.text) referenced from startup_stm32l4r9xx.o(RESET)
 <LI><a href="#[7e]">I2C3_EV_IRQHandler</a> from startup_stm32l4r9xx.o(.text) referenced from startup_stm32l4r9xx.o(RESET)
 <LI><a href="#[88]">I2C4_ER_IRQHandler</a> from startup_stm32l4r9xx.o(.text) referenced from startup_stm32l4r9xx.o(RESET)
 <LI><a href="#[89]">I2C4_EV_IRQHandler</a> from startup_stm32l4r9xx.o(.text) referenced from startup_stm32l4r9xx.o(RESET)
 <LI><a href="#[93]">I2C_DMAAbort</a> from stm32l4xx_hal_i2c.o(i.I2C_DMAAbort) referenced from stm32l4xx_hal_i2c.o(i.I2C_ITError)
 <LI><a href="#[94]">I2C_Slave_ISR_IT</a> from stm32l4xx_hal_i2c.o(i.I2C_Slave_ISR_IT) referenced from stm32l4xx_hal_i2c.o(i.I2C_ITError)
 <LI><a href="#[c2]">IdleTaskHook</a> from touchgfxhal.o(i.IdleTaskHook) referenced from freertos.o(i.vApplicationIdleHook)
 <LI><a href="#[77]">LPTIM1_IRQHandler</a> from startup_stm32l4r9xx.o(.text) referenced from startup_stm32l4r9xx.o(RESET)
 <LI><a href="#[78]">LPTIM2_IRQHandler</a> from startup_stm32l4r9xx.o(.text) referenced from startup_stm32l4r9xx.o(RESET)
 <LI><a href="#[7c]">LPUART1_IRQHandler</a> from startup_stm32l4r9xx.o(.text) referenced from startup_stm32l4r9xx.o(RESET)
 <LI><a href="#[8d]">LTDC_ER_IRQHandler</a> from stm32l4xx_it.o(i.LTDC_ER_IRQHandler) referenced from startup_stm32l4r9xx.o(RESET)
 <LI><a href="#[8c]">LTDC_IRQHandler</a> from stm32l4xx_it.o(i.LTDC_IRQHandler) referenced from startup_stm32l4r9xx.o(RESET)
 <LI><a href="#[30]">MemManage_Handler</a> from stm32l4xx_it.o(i.MemManage_Handler) referenced from startup_stm32l4r9xx.o(RESET)
 <LI><a href="#[2e]">NMI_Handler</a> from stm32l4xx_it.o(i.NMI_Handler) referenced from startup_stm32l4r9xx.o(RESET)
 <LI><a href="#[7d]">OCTOSPI1_IRQHandler</a> from startup_stm32l4r9xx.o(.text) referenced from startup_stm32l4r9xx.o(RESET)
 <LI><a href="#[82]">OCTOSPI2_IRQHandler</a> from startup_stm32l4r9xx.o(.text) referenced from startup_stm32l4r9xx.o(RESET)
 <LI><a href="#[79]">OTG_FS_IRQHandler</a> from startup_stm32l4r9xx.o(.text) referenced from startup_stm32l4r9xx.o(RESET)
 <LI><a href="#[38]">PVD_PVM_IRQHandler</a> from startup_stm32l4r9xx.o(.text) referenced from startup_stm32l4r9xx.o(RESET)
 <LI><a href="#[35]">PendSV_Handler</a> from port.o(.emb_text) referenced from startup_stm32l4r9xx.o(RESET)
 <LI><a href="#[3c]">RCC_IRQHandler</a> from startup_stm32l4r9xx.o(.text) referenced from startup_stm32l4r9xx.o(RESET)
 <LI><a href="#[85]">RNG_IRQHandler</a> from startup_stm32l4r9xx.o(.text) referenced from startup_stm32l4r9xx.o(RESET)
 <LI><a href="#[60]">RTC_Alarm_IRQHandler</a> from startup_stm32l4r9xx.o(.text) referenced from startup_stm32l4r9xx.o(RESET)
 <LI><a href="#[3a]">RTC_WKUP_IRQHandler</a> from startup_stm32l4r9xx.o(.text) referenced from startup_stm32l4r9xx.o(RESET)
 <LI><a href="#[2d]">Reset_Handler</a> from startup_stm32l4r9xx.o(.text) referenced from startup_stm32l4r9xx.o(RESET)
 <LI><a href="#[80]">SAI1_IRQHandler</a> from startup_stm32l4r9xx.o(.text) referenced from startup_stm32l4r9xx.o(RESET)
 <LI><a href="#[81]">SAI2_IRQHandler</a> from startup_stm32l4r9xx.o(.text) referenced from startup_stm32l4r9xx.o(RESET)
 <LI><a href="#[67]">SDMMC1_IRQHandler</a> from startup_stm32l4r9xx.o(.text) referenced from startup_stm32l4r9xx.o(RESET)
 <LI><a href="#[5a]">SPI1_IRQHandler</a> from startup_stm32l4r9xx.o(.text) referenced from startup_stm32l4r9xx.o(RESET)
 <LI><a href="#[5b]">SPI2_IRQHandler</a> from startup_stm32l4r9xx.o(.text) referenced from startup_stm32l4r9xx.o(RESET)
 <LI><a href="#[69]">SPI3_IRQHandler</a> from startup_stm32l4r9xx.o(.text) referenced from startup_stm32l4r9xx.o(RESET)
 <LI><a href="#[33]">SVC_Handler</a> from port.o(.emb_text) referenced from startup_stm32l4r9xx.o(RESET)
 <LI><a href="#[be]">StartDefaultTask</a> from main.o(i.StartDefaultTask) referenced from main.o(i.main)
 <LI><a href="#[36]">SysTick_Handler</a> from cmsis_os2.o(i.SysTick_Handler) referenced from startup_stm32l4r9xx.o(RESET)
 <LI><a href="#[91]">SystemInit</a> from system_stm32l4xx.o(i.SystemInit) referenced from startup_stm32l4r9xx.o(.text)
 <LI><a href="#[39]">TAMP_STAMP_IRQHandler</a> from startup_stm32l4r9xx.o(.text) referenced from startup_stm32l4r9xx.o(RESET)
 <LI><a href="#[4f]">TIM1_BRK_TIM15_IRQHandler</a> from startup_stm32l4r9xx.o(.text) referenced from startup_stm32l4r9xx.o(RESET)
 <LI><a href="#[52]">TIM1_CC_IRQHandler</a> from startup_stm32l4r9xx.o(.text) referenced from startup_stm32l4r9xx.o(RESET)
 <LI><a href="#[51]">TIM1_TRG_COM_TIM17_IRQHandler</a> from startup_stm32l4r9xx.o(.text) referenced from startup_stm32l4r9xx.o(RESET)
 <LI><a href="#[50]">TIM1_UP_TIM16_IRQHandler</a> from startup_stm32l4r9xx.o(.text) referenced from startup_stm32l4r9xx.o(RESET)
 <LI><a href="#[53]">TIM2_IRQHandler</a> from startup_stm32l4r9xx.o(.text) referenced from startup_stm32l4r9xx.o(RESET)
 <LI><a href="#[54]">TIM3_IRQHandler</a> from startup_stm32l4r9xx.o(.text) referenced from startup_stm32l4r9xx.o(RESET)
 <LI><a href="#[55]">TIM4_IRQHandler</a> from startup_stm32l4r9xx.o(.text) referenced from startup_stm32l4r9xx.o(RESET)
 <LI><a href="#[68]">TIM5_IRQHandler</a> from startup_stm32l4r9xx.o(.text) referenced from startup_stm32l4r9xx.o(RESET)
 <LI><a href="#[6c]">TIM6_DAC_IRQHandler</a> from stm32l4xx_it.o(i.TIM6_DAC_IRQHandler) referenced from startup_stm32l4r9xx.o(RESET)
 <LI><a href="#[6d]">TIM7_IRQHandler</a> from startup_stm32l4r9xx.o(.text) referenced from startup_stm32l4r9xx.o(RESET)
 <LI><a href="#[62]">TIM8_BRK_IRQHandler</a> from startup_stm32l4r9xx.o(.text) referenced from startup_stm32l4r9xx.o(RESET)
 <LI><a href="#[65]">TIM8_CC_IRQHandler</a> from startup_stm32l4r9xx.o(.text) referenced from startup_stm32l4r9xx.o(RESET)
 <LI><a href="#[64]">TIM8_TRG_COM_IRQHandler</a> from startup_stm32l4r9xx.o(.text) referenced from startup_stm32l4r9xx.o(RESET)
 <LI><a href="#[63]">TIM8_UP_IRQHandler</a> from startup_stm32l4r9xx.o(.text) referenced from startup_stm32l4r9xx.o(RESET)
 <LI><a href="#[83]">TSC_IRQHandler</a> from startup_stm32l4r9xx.o(.text) referenced from startup_stm32l4r9xx.o(RESET)
 <LI><a href="#[bf]">TouchGFX_Task</a> from app_touchgfx.o(i.TouchGFX_Task) referenced from main.o(i.main)
 <LI><a href="#[6a]">UART4_IRQHandler</a> from startup_stm32l4r9xx.o(.text) referenced from startup_stm32l4r9xx.o(RESET)
 <LI><a href="#[6b]">UART5_IRQHandler</a> from startup_stm32l4r9xx.o(.text) referenced from startup_stm32l4r9xx.o(RESET)
 <LI><a href="#[5c]">USART1_IRQHandler</a> from startup_stm32l4r9xx.o(.text) referenced from startup_stm32l4r9xx.o(RESET)
 <LI><a href="#[5d]">USART2_IRQHandler</a> from startup_stm32l4r9xx.o(.text) referenced from startup_stm32l4r9xx.o(RESET)
 <LI><a href="#[5e]">USART3_IRQHandler</a> from startup_stm32l4r9xx.o(.text) referenced from startup_stm32l4r9xx.o(RESET)
 <LI><a href="#[32]">UsageFault_Handler</a> from stm32l4xx_it.o(i.UsageFault_Handler) referenced from startup_stm32l4r9xx.o(RESET)
 <LI><a href="#[37]">WWDG_IRQHandler</a> from startup_stm32l4r9xx.o(.text) referenced from startup_stm32l4r9xx.o(RESET)
 <LI><a href="#[97]">DMA2D_XferCpltCallback(__DMA2D_HandleTypeDef*)</a> from stm32dma.o(i._Z22DMA2D_XferCpltCallbackP21__DMA2D_HandleTypeDef) referenced from stm32dma.o(i._ZN8STM32DMA10initializeEv)
 <LI><a href="#[e3]">TouchGFXHAL::beginFrame()</a> from touchgfxhal.o(i._ZN11TouchGFXHAL10beginFrameEv) referenced from touchgfxhal.o(.constdata__ZTV11TouchGFXHAL)
 <LI><a href="#[c7]">TouchGFXHAL::initialize()</a> from touchgfxhal.o(i._ZN11TouchGFXHAL10initializeEv) referenced from touchgfxhal.o(.constdata__ZTV11TouchGFXHAL)
 <LI><a href="#[da]">TouchGFXHAL::enableInterrupts()</a> from touchgfxhal.o(i._ZN11TouchGFXHAL16enableInterruptsEv) referenced from touchgfxhal.o(.constdata__ZTV11TouchGFXHAL)
 <LI><a href="#[c9]">TouchGFXHAL::flushFrameBuffer(const touchgfx::Rect&)</a> from touchgfxhal.o(i._ZN11TouchGFXHAL16flushFrameBufferERKN8touchgfx4RectE) referenced from touchgfxhal.o(.constdata__ZTV11TouchGFXHAL)
 <LI><a href="#[db]">TouchGFXHAL::disableInterrupts()</a> from touchgfxhal.o(i._ZN11TouchGFXHAL17disableInterruptsEv) referenced from touchgfxhal.o(.constdata__ZTV11TouchGFXHAL)
 <LI><a href="#[e5]">TouchGFXHAL::setTFTFrameBuffer(unsigned short*)</a> from touchgfxhal.o(i._ZN11TouchGFXHAL17setTFTFrameBufferEPt) referenced from touchgfxhal.o(.constdata__ZTV11TouchGFXHAL)
 <LI><a href="#[d9]">TouchGFXHAL::configureInterrupts()</a> from touchgfxhal.o(i._ZN11TouchGFXHAL19configureInterruptsEv) referenced from touchgfxhal.o(.constdata__ZTV11TouchGFXHAL)
 <LI><a href="#[dc]">TouchGFXHAL::enableLCDControllerInterrupt()</a> from touchgfxhal.o(i._ZN11TouchGFXHAL28enableLCDControllerInterruptEv) referenced from touchgfxhal.o(.constdata__ZTV11TouchGFXHAL)
 <LI><a href="#[dd]">TouchGFXHAL::setFrameBufferStartAddresses(void*, void*, void*)</a> from touchgfxhal.o(i._ZN11TouchGFXHAL28setFrameBufferStartAddressesEPvS0_S0_) referenced from touchgfxhal.o(.constdata__ZTV11TouchGFXHAL)
 <LI><a href="#[e4]">TouchGFXHAL::endFrame()</a> from touchgfxhal.o(i._ZN11TouchGFXHAL8endFrameEv) referenced from touchgfxhal.o(.constdata__ZTV11TouchGFXHAL)
 <LI><a href="#[bd]">TouchGFXHAL::~TouchGFXHAL()</a> from touchgfxhal.o(i._ZN11TouchGFXHALD1Ev) referenced from touchgfxhal.o(.constdata__ZTV11TouchGFXHAL)
 <LI><a href="#[bd]">TouchGFXHAL::~TouchGFXHAL()</a> from touchgfxhal.o(i._ZN11TouchGFXHALD1Ev) referenced from touchgfxconfiguration.o(i.__sti___25_TouchGFXConfiguration_cpp_f5abfd34)
 <LI><a href="#[c1]">FrontendHeap::~FrontendHeap()</a> from touchgfxconfiguration.o(i._ZN12FrontendHeapD1Ev) referenced from touchgfxconfiguration.o(.constdata__ZTV12FrontendHeap)
 <LI><a href="#[c1]">FrontendHeap::~FrontendHeap()</a> from touchgfxconfiguration.o(i._ZN12FrontendHeapD1Ev) referenced from touchgfxconfiguration.o(i.touchgfx_init)
 <LI><a href="#[ed]">WatchViewBase::setupScreen()</a> from watchviewbase.o(i._ZN13WatchViewBase11setupScreenEv) referenced from watchviewbase.o(.constdata__ZTV13WatchViewBase)
 <LI><a href="#[eb]">WatchViewBase::~WatchViewBase()</a> from watchviewbase.o(i._ZN13WatchViewBaseD1Ev) referenced from watchviewbase.o(.constdata__ZTV13WatchViewBase)
 <LI><a href="#[f6]">WatchPresenter::deactivate()</a> from watchpresenter.o(i._ZN14WatchPresenter10deactivateEv) referenced from watchpresenter.o(.constdata__ZTV14WatchPresenter)
 <LI><a href="#[f5]">WatchPresenter::activate()</a> from watchpresenter.o(i._ZN14WatchPresenter8activateEv) referenced from watchpresenter.o(.constdata__ZTV14WatchPresenter)
 <LI><a href="#[f7]">WatchPresenter::~WatchPresenter()</a> from watchpresenter.o(i._ZN14WatchPresenterD1Ev) referenced from watchpresenter.o(.constdata__ZTV14WatchPresenter)
 <LI><a href="#[fc]">FrontendApplication::handleTickEvent()</a> from frontendapplication.o(i._ZN19FrontendApplication15handleTickEventEv) referenced from frontendapplication.o(.constdata__ZTV19FrontendApplication)
 <LI><a href="#[102]">STM32TouchController::sampleTouch(int&, int&)</a> from stm32touchcontroller.o(i._ZN20STM32TouchController11sampleTouchERiS0_) referenced from stm32touchcontroller.o(.constdata__ZTV20STM32TouchController)
 <LI><a href="#[101]">STM32TouchController::init()</a> from stm32touchcontroller.o(i._ZN20STM32TouchController4initEv) referenced from stm32touchcontroller.o(.constdata__ZTV20STM32TouchController)
 <LI><a href="#[b9]">STM32TouchController::~STM32TouchController()</a> from stm32touchcontroller.o(i._ZN20STM32TouchControllerD1Ev) referenced from stm32touchcontroller.o(.constdata__ZTV20STM32TouchController)
 <LI><a href="#[b9]">STM32TouchController::~STM32TouchController()</a> from stm32touchcontroller.o(i._ZN20STM32TouchControllerD1Ev) referenced from touchgfxconfiguration.o(i.__sti___25_TouchGFXConfiguration_cpp_f5abfd34)
 <LI><a href="#[cf]">TouchGFXGeneratedHAL::blockCopy(void*, const void*, unsigned)</a> from touchgfxgeneratedhal.o(i._ZN20TouchGFXGeneratedHAL9blockCopyEPvPKvj) referenced from touchgfxhal.o(.constdata__ZTV11TouchGFXHAL)
 <LI><a href="#[bc]">ApplicationFontProvider::~ApplicationFontProvider()</a> from touchgfxconfiguration.o(i._ZN23ApplicationFontProviderD1Ev) referenced from applicationfontprovider_1.o(.constdata__ZTV23ApplicationFontProvider)
 <LI><a href="#[bc]">ApplicationFontProvider::~ApplicationFontProvider()</a> from touchgfxconfiguration.o(i._ZN23ApplicationFontProviderD1Ev) referenced from touchgfxconfiguration.o(i.__sti___25_TouchGFXConfiguration_cpp_f5abfd34)
 <LI><a href="#[c5]">FrontendApplicationBase::gotoWatchScreenNoTransitionImpl()</a> from frontendapplicationbase.o(i._ZN23FrontendApplicationBase31gotoWatchScreenNoTransitionImplEv) referenced from frontendapplicationbase.o(.constdata)
 <LI><a href="#[104]">FrontendApplicationBase::~FrontendApplicationBase()</a> from touchgfxconfiguration.o(i._ZN23FrontendApplicationBaseD1Ev) referenced from touchgfxconfiguration.o(.constdata__ZTV23FrontendApplicationBase)
 <LI><a href="#[108]">STM32DMA::initialize()</a> from stm32dma.o(i._ZN8STM32DMA10initializeEv) referenced from stm32dma.o(.constdata__ZTV8STM32DMA)
 <LI><a href="#[105]">STM32DMA::getBlitCaps()</a> from stm32dma.o(i._ZN8STM32DMA11getBlitCapsEv) referenced from stm32dma.o(.constdata__ZTV8STM32DMA)
 <LI><a href="#[10e]">STM32DMA::setupDataCopy(const touchgfx::BlitOp&)</a> from stm32dma.o(i._ZN8STM32DMA13setupDataCopyERKN8touchgfx6BlitOpE) referenced from stm32dma.o(.constdata__ZTV8STM32DMA)
 <LI><a href="#[10f]">STM32DMA::setupDataFill(const touchgfx::BlitOp&)</a> from stm32dma.o(i._ZN8STM32DMA13setupDataFillERKN8touchgfx6BlitOpE) referenced from stm32dma.o(.constdata__ZTV8STM32DMA)
 <LI><a href="#[10a]">STM32DMA::signalDMAInterrupt()</a> from stm32dma.o(i._ZN8STM32DMA18signalDMAInterruptEv) referenced from stm32dma.o(.constdata__ZTV8STM32DMA)
 <LI><a href="#[ba]">STM32DMA::~STM32DMA()</a> from stm32dma.o(i._ZN8STM32DMAD1Ev) referenced from stm32dma.o(.constdata__ZTV8STM32DMA)
 <LI><a href="#[ba]">STM32DMA::~STM32DMA()</a> from stm32dma.o(i._ZN8STM32DMAD1Ev) referenced from touchgfxconfiguration.o(i.__sti___25_TouchGFXConfiguration_cpp_f5abfd34)
 <LI><a href="#[13b]">touchgfx::Transition::invalidate()</a> from frontendapplicationbase.o(i._ZN8touchgfx10Transition10invalidateEv) referenced from frontendapplicationbase.o(.constdata__ZTVN8touchgfx12NoTransitionE)
 <LI><a href="#[13c]">touchgfx::Transition::setScreenContainer(touchgfx::Container&)</a> from frontendapplicationbase.o(i._ZN8touchgfx10Transition18setScreenContainerERNS_9ContainerE) referenced from frontendapplicationbase.o(.constdata__ZTVN8touchgfx12NoTransitionE)
 <LI><a href="#[13a]">touchgfx::Transition::init()</a> from frontendapplicationbase.o(i._ZN8touchgfx10Transition4initEv) referenced from frontendapplicationbase.o(.constdata__ZTVN8touchgfx12NoTransitionE)
 <LI><a href="#[139]">touchgfx::Transition::tearDown()</a> from frontendapplicationbase.o(i._ZN8touchgfx10Transition8tearDownEv) referenced from frontendapplicationbase.o(.constdata__ZTVN8touchgfx12NoTransitionE)
 <LI><a href="#[129]">touchgfx::AnalogClock::updateClock()</a> from analogclock.o(i._ZN8touchgfx11AnalogClock11updateClockEv) referenced from analogclock.o(.constdata__ZTVN8touchgfx11AnalogClockE)
 <LI><a href="#[131]">touchgfx::AnalogClock::setAnimation(unsigned short, short(*)(unsigned short, short, short, unsigned short))</a> from analogclock.o(i._ZN8touchgfx11AnalogClock12setAnimationEtPFstsstE) referenced from analogclock.o(.constdata__ZTVN8touchgfx11AnalogClockE)
 <LI><a href="#[12a]">touchgfx::AnalogClock::setBackground(unsigned short, short, short)</a> from analogclock.o(i._ZN8touchgfx11AnalogClock13setBackgroundEtss) referenced from analogclock.o(.constdata__ZTVN8touchgfx11AnalogClockE)
 <LI><a href="#[12c]">touchgfx::AnalogClock::setupHourHand(unsigned short, short, short)</a> from analogclock.o(i._ZN8touchgfx11AnalogClock13setupHourHandEtss) referenced from analogclock.o(.constdata__ZTVN8touchgfx11AnalogClockE)
 <LI><a href="#[12d]">touchgfx::AnalogClock::setupMinuteHand(unsigned short, short, short)</a> from analogclock.o(i._ZN8touchgfx11AnalogClock15setupMinuteHandEtss) referenced from analogclock.o(.constdata__ZTVN8touchgfx11AnalogClockE)
 <LI><a href="#[12e]">touchgfx::AnalogClock::setupSecondHand(unsigned short, short, short)</a> from analogclock.o(i._ZN8touchgfx11AnalogClock15setupSecondHandEtss) referenced from analogclock.o(.constdata__ZTVN8touchgfx11AnalogClockE)
 <LI><a href="#[12b]">touchgfx::AnalogClock::setRotationCenter(short, short)</a> from analogclock.o(i._ZN8touchgfx11AnalogClock17setRotationCenterEss) referenced from analogclock.o(.constdata__ZTVN8touchgfx11AnalogClockE)
 <LI><a href="#[132]">touchgfx::AnalogClock::initializeTime24Hour(unsigned char, unsigned char, unsigned char)</a> from analogclock.o(i._ZN8touchgfx11AnalogClock20initializeTime24HourEhhh) referenced from analogclock.o(.constdata__ZTVN8touchgfx11AnalogClockE)
 <LI><a href="#[12f]">touchgfx::AnalogClock::setHourHandMinuteCorrection(bool)</a> from analogclock.o(i._ZN8touchgfx11AnalogClock27setHourHandMinuteCorrectionEb) referenced from analogclock.o(.constdata__ZTVN8touchgfx11AnalogClockE)
 <LI><a href="#[130]">touchgfx::AnalogClock::setMinuteHandSecondCorrection(bool)</a> from analogclock.o(i._ZN8touchgfx11AnalogClock29setMinuteHandSecondCorrectionEb) referenced from analogclock.o(.constdata__ZTVN8touchgfx11AnalogClockE)
 <LI><a href="#[133]">touchgfx::AnalogClock::setupHand(touchgfx::TextureMapper&, unsigned short, short, short)</a> from analogclock.o(i._ZN8touchgfx11AnalogClock9setupHandERNS_13TextureMapperEtss) referenced from analogclock.o(.constdata__ZTVN8touchgfx11AnalogClockE)
 <LI><a href="#[fb]">touchgfx::Application::handleKeyEvent(unsigned char)</a> from application.o(i._ZN8touchgfx11Application14handleKeyEventEh) referenced from frontendapplication.o(.constdata__ZTV19FrontendApplication)
 <LI><a href="#[fb]">touchgfx::Application::handleKeyEvent(unsigned char)</a> from application.o(i._ZN8touchgfx11Application14handleKeyEventEh) referenced from touchgfxconfiguration.o(.constdata__ZTV23FrontendApplicationBase)
 <LI><a href="#[fb]">touchgfx::Application::handleKeyEvent(unsigned char)</a> from application.o(i._ZN8touchgfx11Application14handleKeyEventEh) referenced from application.o(.constdata__ZTVN8touchgfx11ApplicationE)
 <LI><a href="#[fb]">touchgfx::Application::handleKeyEvent(unsigned char)</a> from application.o(i._ZN8touchgfx11Application14handleKeyEventEh) referenced from frontendapplicationbase.o(.constdata__ZTVN8touchgfx14MVPApplicationE)
 <LI><a href="#[ff]">touchgfx::Application::drawCachedAreas()</a> from application.o(i._ZN8touchgfx11Application15drawCachedAreasEv) referenced from frontendapplication.o(.constdata__ZTV19FrontendApplication)
 <LI><a href="#[ff]">touchgfx::Application::drawCachedAreas()</a> from application.o(i._ZN8touchgfx11Application15drawCachedAreasEv) referenced from touchgfxconfiguration.o(.constdata__ZTV23FrontendApplicationBase)
 <LI><a href="#[ff]">touchgfx::Application::drawCachedAreas()</a> from application.o(i._ZN8touchgfx11Application15drawCachedAreasEv) referenced from application.o(.constdata__ZTVN8touchgfx11ApplicationE)
 <LI><a href="#[ff]">touchgfx::Application::drawCachedAreas()</a> from application.o(i._ZN8touchgfx11Application15drawCachedAreasEv) referenced from frontendapplicationbase.o(.constdata__ZTVN8touchgfx14MVPApplicationE)
 <LI><a href="#[f9]">touchgfx::Application::handleDragEvent(const touchgfx::DragEvent&)</a> from application.o(i._ZN8touchgfx11Application15handleDragEventERKNS_9DragEventE) referenced from frontendapplication.o(.constdata__ZTV19FrontendApplication)
 <LI><a href="#[f9]">touchgfx::Application::handleDragEvent(const touchgfx::DragEvent&)</a> from application.o(i._ZN8touchgfx11Application15handleDragEventERKNS_9DragEventE) referenced from touchgfxconfiguration.o(.constdata__ZTV23FrontendApplicationBase)
 <LI><a href="#[f9]">touchgfx::Application::handleDragEvent(const touchgfx::DragEvent&)</a> from application.o(i._ZN8touchgfx11Application15handleDragEventERKNS_9DragEventE) referenced from application.o(.constdata__ZTVN8touchgfx11ApplicationE)
 <LI><a href="#[f9]">touchgfx::Application::handleDragEvent(const touchgfx::DragEvent&)</a> from application.o(i._ZN8touchgfx11Application15handleDragEventERKNS_9DragEventE) referenced from frontendapplicationbase.o(.constdata__ZTVN8touchgfx14MVPApplicationE)
 <LI><a href="#[103]">touchgfx::Application::handleTickEvent()</a> from application.o(i._ZN8touchgfx11Application15handleTickEventEv) referenced from touchgfxconfiguration.o(.constdata__ZTV23FrontendApplicationBase)
 <LI><a href="#[103]">touchgfx::Application::handleTickEvent()</a> from application.o(i._ZN8touchgfx11Application15handleTickEventEv) referenced from application.o(.constdata__ZTVN8touchgfx11ApplicationE)
 <LI><a href="#[103]">touchgfx::Application::handleTickEvent()</a> from application.o(i._ZN8touchgfx11Application15handleTickEventEv) referenced from frontendapplicationbase.o(.constdata__ZTVN8touchgfx14MVPApplicationE)
 <LI><a href="#[fe]">touchgfx::Application::clearCachedAreas()</a> from application.o(i._ZN8touchgfx11Application16clearCachedAreasEv) referenced from frontendapplication.o(.constdata__ZTV19FrontendApplication)
 <LI><a href="#[fe]">touchgfx::Application::clearCachedAreas()</a> from application.o(i._ZN8touchgfx11Application16clearCachedAreasEv) referenced from touchgfxconfiguration.o(.constdata__ZTV23FrontendApplicationBase)
 <LI><a href="#[fe]">touchgfx::Application::clearCachedAreas()</a> from application.o(i._ZN8touchgfx11Application16clearCachedAreasEv) referenced from application.o(.constdata__ZTVN8touchgfx11ApplicationE)
 <LI><a href="#[fe]">touchgfx::Application::clearCachedAreas()</a> from application.o(i._ZN8touchgfx11Application16clearCachedAreasEv) referenced from frontendapplicationbase.o(.constdata__ZTVN8touchgfx14MVPApplicationE)
 <LI><a href="#[f8]">touchgfx::Application::handleClickEvent(const touchgfx::ClickEvent&)</a> from application.o(i._ZN8touchgfx11Application16handleClickEventERKNS_10ClickEventE) referenced from frontendapplication.o(.constdata__ZTV19FrontendApplication)
 <LI><a href="#[f8]">touchgfx::Application::handleClickEvent(const touchgfx::ClickEvent&)</a> from application.o(i._ZN8touchgfx11Application16handleClickEventERKNS_10ClickEventE) referenced from touchgfxconfiguration.o(.constdata__ZTV23FrontendApplicationBase)
 <LI><a href="#[f8]">touchgfx::Application::handleClickEvent(const touchgfx::ClickEvent&)</a> from application.o(i._ZN8touchgfx11Application16handleClickEventERKNS_10ClickEventE) referenced from application.o(.constdata__ZTVN8touchgfx11ApplicationE)
 <LI><a href="#[f8]">touchgfx::Application::handleClickEvent(const touchgfx::ClickEvent&)</a> from application.o(i._ZN8touchgfx11Application16handleClickEventERKNS_10ClickEventE) referenced from frontendapplicationbase.o(.constdata__ZTVN8touchgfx14MVPApplicationE)
 <LI><a href="#[fa]">touchgfx::Application::handleGestureEvent(const touchgfx::GestureEvent&)</a> from application.o(i._ZN8touchgfx11Application18handleGestureEventERKNS_12GestureEventE) referenced from frontendapplication.o(.constdata__ZTV19FrontendApplication)
 <LI><a href="#[fa]">touchgfx::Application::handleGestureEvent(const touchgfx::GestureEvent&)</a> from application.o(i._ZN8touchgfx11Application18handleGestureEventERKNS_12GestureEventE) referenced from touchgfxconfiguration.o(.constdata__ZTV23FrontendApplicationBase)
 <LI><a href="#[fa]">touchgfx::Application::handleGestureEvent(const touchgfx::GestureEvent&)</a> from application.o(i._ZN8touchgfx11Application18handleGestureEventERKNS_12GestureEventE) referenced from application.o(.constdata__ZTVN8touchgfx11ApplicationE)
 <LI><a href="#[fa]">touchgfx::Application::handleGestureEvent(const touchgfx::GestureEvent&)</a> from application.o(i._ZN8touchgfx11Application18handleGestureEventERKNS_12GestureEventE) referenced from frontendapplicationbase.o(.constdata__ZTVN8touchgfx14MVPApplicationE)
 <LI><a href="#[136]">touchgfx::Application::handlePendingScreenTransition()</a> from application.o(i._ZN8touchgfx11Application29handlePendingScreenTransitionEv) referenced from application.o(.constdata__ZTVN8touchgfx11ApplicationE)
 <LI><a href="#[100]">touchgfx::Application::draw(touchgfx::Rect&)</a> from application.o(i._ZN8touchgfx11Application4drawERNS_4RectE) referenced from frontendapplication.o(.constdata__ZTV19FrontendApplication)
 <LI><a href="#[100]">touchgfx::Application::draw(touchgfx::Rect&)</a> from application.o(i._ZN8touchgfx11Application4drawERNS_4RectE) referenced from touchgfxconfiguration.o(.constdata__ZTV23FrontendApplicationBase)
 <LI><a href="#[100]">touchgfx::Application::draw(touchgfx::Rect&)</a> from application.o(i._ZN8touchgfx11Application4drawERNS_4RectE) referenced from application.o(.constdata__ZTVN8touchgfx11ApplicationE)
 <LI><a href="#[100]">touchgfx::Application::draw(touchgfx::Rect&)</a> from application.o(i._ZN8touchgfx11Application4drawERNS_4RectE) referenced from frontendapplicationbase.o(.constdata__ZTVN8touchgfx14MVPApplicationE)
 <LI><a href="#[138]">touchgfx::NoTransition::handleTickEvent()</a> from frontendapplicationbase.o(i._ZN8touchgfx12NoTransition15handleTickEventEv) referenced from frontendapplicationbase.o(.constdata__ZTVN8touchgfx12NoTransitionE)
 <LI><a href="#[137]">touchgfx::NoTransition::~NoTransition()</a> from frontendapplicationbase.o(i._ZN8touchgfx12NoTransitionD1Ev) referenced from frontendapplicationbase.o(.constdata__ZTVN8touchgfx12NoTransitionE)
 <LI><a href="#[128]">touchgfx::AbstractClock::setTime24Hour(unsigned char, unsigned char, unsigned char)</a> from abstractclock.o(i._ZN8touchgfx13AbstractClock13setTime24HourEhhh) referenced from analogclock.o(.constdata__ZTVN8touchgfx11AnalogClockE)
 <LI><a href="#[128]">touchgfx::AbstractClock::setTime24Hour(unsigned char, unsigned char, unsigned char)</a> from abstractclock.o(i._ZN8touchgfx13AbstractClock13setTime24HourEhhh) referenced from abstractclock.o(.constdata__ZTVN8touchgfx13AbstractClockE)
 <LI><a href="#[106]">touchgfx::DMA_Interface::addToQueue(const touchgfx::BlitOp&)</a> from dma.o(i._ZN8touchgfx13DMA_Interface10addToQueueERKNS_6BlitOpE) referenced from stm32dma.o(.constdata__ZTV8STM32DMA)
 <LI><a href="#[110]">touchgfx::DMA_Interface::enableAlpha(unsigned char)</a> from dma.o(i._ZN8touchgfx13DMA_Interface11enableAlphaEh) referenced from stm32dma.o(.constdata__ZTV8STM32DMA)
 <LI><a href="#[111]">touchgfx::DMA_Interface::disableAlpha()</a> from dma.o(i._ZN8touchgfx13DMA_Interface12disableAlphaEv) referenced from stm32dma.o(.constdata__ZTV8STM32DMA)
 <LI><a href="#[10d]">touchgfx::DMA_Interface::seedExecution()</a> from dma.o(i._ZN8touchgfx13DMA_Interface13seedExecutionEv) referenced from stm32dma.o(.constdata__ZTV8STM32DMA)
 <LI><a href="#[10c]">touchgfx::DMA_Interface::executeCompleted()</a> from dma.o(i._ZN8touchgfx13DMA_Interface16executeCompletedEv) referenced from stm32dma.o(.constdata__ZTV8STM32DMA)
 <LI><a href="#[112]">touchgfx::DMA_Interface::waitForFrameBufferSemaphore()</a> from dma.o(i._ZN8touchgfx13DMA_Interface27waitForFrameBufferSemaphoreEv) referenced from stm32dma.o(.constdata__ZTV8STM32DMA)
 <LI><a href="#[107]">touchgfx::DMA_Interface::flush()</a> from dma.o(i._ZN8touchgfx13DMA_Interface5flushEv) referenced from stm32dma.o(.constdata__ZTV8STM32DMA)
 <LI><a href="#[109]">touchgfx::DMA_Interface::start()</a> from dma.o(i._ZN8touchgfx13DMA_Interface5startEv) referenced from stm32dma.o(.constdata__ZTV8STM32DMA)
 <LI><a href="#[10b]">touchgfx::DMA_Interface::execute()</a> from dma.o(i._ZN8touchgfx13DMA_Interface7executeEv) referenced from stm32dma.o(.constdata__ZTV8STM32DMA)
 <LI><a href="#[95]">touchgfx::GeneratedFont::~GeneratedFont()</a> from generatedfont_1.o(i._ZN8touchgfx13GeneratedFontD1Ev) referenced from generatedfont_1.o(.constdata__ZTVN8touchgfx13GeneratedFontE)
 <LI><a href="#[95]">touchgfx::GeneratedFont::~GeneratedFont()</a> from generatedfont_1.o(i._ZN8touchgfx13GeneratedFontD1Ev) referenced from table_verdana_10_4bpp_1.o(i._Z23getFont_verdana_10_4bppv)
 <LI><a href="#[95]">touchgfx::GeneratedFont::~GeneratedFont()</a> from generatedfont_1.o(i._ZN8touchgfx13GeneratedFontD1Ev) referenced from table_verdana_20_4bpp_1.o(i._Z23getFont_verdana_20_4bppv)
 <LI><a href="#[95]">touchgfx::GeneratedFont::~GeneratedFont()</a> from generatedfont_1.o(i._ZN8touchgfx13GeneratedFontD1Ev) referenced from table_verdana_40_4bpp_1.o(i._Z23getFont_verdana_40_4bppv)
 <LI><a href="#[149]">touchgfx::TextureMapper::updateScale(float)</a> from texturemapper.o(i._ZN8touchgfx13TextureMapper11updateScaleEf) referenced from texturemapper.o(.constdata__ZTVN8touchgfx13TextureMapperE)
 <LI><a href="#[149]">touchgfx::TextureMapper::updateScale(float)</a> from texturemapper.o(i._ZN8touchgfx13TextureMapper11updateScaleEf) referenced from animationtexturemapper.o(.constdata__ZTVN8touchgfx22AnimationTextureMapperE)
 <LI><a href="#[146]">touchgfx::TextureMapper::updateAngles(float, float, float)</a> from texturemapper.o(i._ZN8touchgfx13TextureMapper12updateAnglesEfff) referenced from texturemapper.o(.constdata__ZTVN8touchgfx13TextureMapperE)
 <LI><a href="#[146]">touchgfx::TextureMapper::updateAngles(float, float, float)</a> from texturemapper.o(i._ZN8touchgfx13TextureMapper12updateAnglesEfff) referenced from animationtexturemapper.o(.constdata__ZTVN8touchgfx22AnimationTextureMapperE)
 <LI><a href="#[147]">touchgfx::TextureMapper::updateZAngle(float)</a> from analogclock.o(i._ZN8touchgfx13TextureMapper12updateZAngleEf) referenced from texturemapper.o(.constdata__ZTVN8touchgfx13TextureMapperE)
 <LI><a href="#[147]">touchgfx::TextureMapper::updateZAngle(float)</a> from analogclock.o(i._ZN8touchgfx13TextureMapper12updateZAngleEf) referenced from animationtexturemapper.o(.constdata__ZTVN8touchgfx22AnimationTextureMapperE)
 <LI><a href="#[150]">touchgfx::TextureMapper::setBitmapPosition(float, float)</a> from animationtexturemapper.o(i._ZN8touchgfx13TextureMapper17setBitmapPositionEff) referenced from texturemapper.o(.constdata__ZTVN8touchgfx13TextureMapperE)
 <LI><a href="#[150]">touchgfx::TextureMapper::setBitmapPosition(float, float)</a> from animationtexturemapper.o(i._ZN8touchgfx13TextureMapper17setBitmapPositionEff) referenced from animationtexturemapper.o(.constdata__ZTVN8touchgfx22AnimationTextureMapperE)
 <LI><a href="#[151]">touchgfx::TextureMapper::setBitmapPosition(int, int)</a> from animationtexturemapper.o(i._ZN8touchgfx13TextureMapper17setBitmapPositionEii) referenced from texturemapper.o(.constdata__ZTVN8touchgfx13TextureMapperE)
 <LI><a href="#[151]">touchgfx::TextureMapper::setBitmapPosition(int, int)</a> from animationtexturemapper.o(i._ZN8touchgfx13TextureMapper17setBitmapPositionEii) referenced from animationtexturemapper.o(.constdata__ZTVN8touchgfx22AnimationTextureMapperE)
 <LI><a href="#[14e]">touchgfx::TextureMapper::setCameraDistance(float)</a> from animationtexturemapper.o(i._ZN8touchgfx13TextureMapper17setCameraDistanceEf) referenced from texturemapper.o(.constdata__ZTVN8touchgfx13TextureMapperE)
 <LI><a href="#[14e]">touchgfx::TextureMapper::setCameraDistance(float)</a> from animationtexturemapper.o(i._ZN8touchgfx13TextureMapper17setCameraDistanceEf) referenced from animationtexturemapper.o(.constdata__ZTVN8touchgfx22AnimationTextureMapperE)
 <LI><a href="#[144]">touchgfx::TextureMapper::setRenderingAlgorithm(touchgfx::TextureMapper::RenderingAlgorithm)</a> from animationtexturemapper.o(i._ZN8touchgfx13TextureMapper21setRenderingAlgorithmENS0_18RenderingAlgorithmE) referenced from texturemapper.o(.constdata__ZTVN8touchgfx13TextureMapperE)
 <LI><a href="#[144]">touchgfx::TextureMapper::setRenderingAlgorithm(touchgfx::TextureMapper::RenderingAlgorithm)</a> from animationtexturemapper.o(i._ZN8touchgfx13TextureMapper21setRenderingAlgorithmENS0_18RenderingAlgorithmE) referenced from animationtexturemapper.o(.constdata__ZTVN8touchgfx22AnimationTextureMapperE)
 <LI><a href="#[14a]">touchgfx::TextureMapper::setOrigo(float, float, float)</a> from animationtexturemapper.o(i._ZN8touchgfx13TextureMapper8setOrigoEfff) referenced from texturemapper.o(.constdata__ZTVN8touchgfx13TextureMapperE)
 <LI><a href="#[14a]">touchgfx::TextureMapper::setOrigo(float, float, float)</a> from animationtexturemapper.o(i._ZN8touchgfx13TextureMapper8setOrigoEfff) referenced from animationtexturemapper.o(.constdata__ZTVN8touchgfx22AnimationTextureMapperE)
 <LI><a href="#[148]">touchgfx::TextureMapper::setScale(float)</a> from texturemapper.o(i._ZN8touchgfx13TextureMapper8setScaleEf) referenced from texturemapper.o(.constdata__ZTVN8touchgfx13TextureMapperE)
 <LI><a href="#[148]">touchgfx::TextureMapper::setScale(float)</a> from texturemapper.o(i._ZN8touchgfx13TextureMapper8setScaleEf) referenced from animationtexturemapper.o(.constdata__ZTVN8touchgfx22AnimationTextureMapperE)
 <LI><a href="#[145]">touchgfx::TextureMapper::setAngles(float, float, float)</a> from texturemapper.o(i._ZN8touchgfx13TextureMapper9setAnglesEfff) referenced from texturemapper.o(.constdata__ZTVN8touchgfx13TextureMapperE)
 <LI><a href="#[145]">touchgfx::TextureMapper::setAngles(float, float, float)</a> from texturemapper.o(i._ZN8touchgfx13TextureMapper9setAnglesEfff) referenced from animationtexturemapper.o(.constdata__ZTVN8touchgfx22AnimationTextureMapperE)
 <LI><a href="#[143]">touchgfx::TextureMapper::setBitmap(const touchgfx::Bitmap&)</a> from texturemapper.o(i._ZN8touchgfx13TextureMapper9setBitmapERKNS_6BitmapE) referenced from texturemapper.o(.constdata__ZTVN8touchgfx13TextureMapperE)
 <LI><a href="#[143]">touchgfx::TextureMapper::setBitmap(const touchgfx::Bitmap&)</a> from texturemapper.o(i._ZN8touchgfx13TextureMapper9setBitmapERKNS_6BitmapE) referenced from animationtexturemapper.o(.constdata__ZTVN8touchgfx22AnimationTextureMapperE)
 <LI><a href="#[14d]">touchgfx::TextureMapper::setCamera(float, float)</a> from animationtexturemapper.o(i._ZN8touchgfx13TextureMapper9setCameraEff) referenced from texturemapper.o(.constdata__ZTVN8touchgfx13TextureMapperE)
 <LI><a href="#[14d]">touchgfx::TextureMapper::setCamera(float, float)</a> from animationtexturemapper.o(i._ZN8touchgfx13TextureMapper9setCameraEff) referenced from animationtexturemapper.o(.constdata__ZTVN8touchgfx22AnimationTextureMapperE)
 <LI><a href="#[fd]">touchgfx::MVPApplication::handlePendingScreenTransition()</a> from touchgfxconfiguration.o(i._ZN8touchgfx14MVPApplication29handlePendingScreenTransitionEv) referenced from frontendapplication.o(.constdata__ZTV19FrontendApplication)
 <LI><a href="#[fd]">touchgfx::MVPApplication::handlePendingScreenTransition()</a> from touchgfxconfiguration.o(i._ZN8touchgfx14MVPApplication29handlePendingScreenTransitionEv) referenced from touchgfxconfiguration.o(.constdata__ZTV23FrontendApplicationBase)
 <LI><a href="#[fd]">touchgfx::MVPApplication::handlePendingScreenTransition()</a> from touchgfxconfiguration.o(i._ZN8touchgfx14MVPApplication29handlePendingScreenTransitionEv) referenced from frontendapplicationbase.o(.constdata__ZTVN8touchgfx14MVPApplicationE)
 <LI><a href="#[96]">touchgfx::EasingEquations::cubicEaseInOut(unsigned short, short, short, unsigned short)</a> from easingequations.o(i._ZN8touchgfx15EasingEquations14cubicEaseInOutEtsst) referenced from watchviewbase.o(i._ZN13WatchViewBaseC1Ev)
 <LI><a href="#[99]">touchgfx::EasingEquations::linearEaseNone(unsigned short, short, short, unsigned short)</a> from easingequations.o(i._ZN8touchgfx15EasingEquations14linearEaseNoneEtsst) referenced from analogclock.o(i._ZN8touchgfx11AnalogClockC1Ev)
 <LI><a href="#[152]">touchgfx::AbstractPartition::~AbstractPartition__sub_object()</a> from abstractpartition.o(i._ZN8touchgfx17AbstractPartitionD2Ev) referenced from abstractpartition.o(.constdata__ZTVN8touchgfx17AbstractPartitionE)
 <LI><a href="#[155]">touchgfx::LockFreeDMA_Queue::pushCopyOf(const touchgfx::BlitOp&)</a> from dma.o(i._ZN8touchgfx17LockFreeDMA_Queue10pushCopyOfERKNS_6BlitOpE) referenced from dma.o(.constdata__ZTVN8touchgfx17LockFreeDMA_QueueE)
 <LI><a href="#[156]">touchgfx::LockFreeDMA_Queue::pop()</a> from dma.o(i._ZN8touchgfx17LockFreeDMA_Queue3popEv) referenced from dma.o(.constdata__ZTVN8touchgfx17LockFreeDMA_QueueE)
 <LI><a href="#[157]">touchgfx::LockFreeDMA_Queue::first()</a> from dma.o(i._ZN8touchgfx17LockFreeDMA_Queue5firstEv) referenced from dma.o(.constdata__ZTVN8touchgfx17LockFreeDMA_QueueE)
 <LI><a href="#[154]">touchgfx::LockFreeDMA_Queue::isFull()</a> from dma.o(i._ZN8touchgfx17LockFreeDMA_Queue6isFullEv) referenced from dma.o(.constdata__ZTVN8touchgfx17LockFreeDMA_QueueE)
 <LI><a href="#[153]">touchgfx::LockFreeDMA_Queue::isEmpty()</a> from dma.o(i._ZN8touchgfx17LockFreeDMA_Queue7isEmptyEv) referenced from dma.o(.constdata__ZTVN8touchgfx17LockFreeDMA_QueueE)
 <LI><a href="#[160]">touchgfx::MCUInstrumentation::getCCConsumed()</a> from cortexmmcuinstrumentation.o(i._ZN8touchgfx18MCUInstrumentation13getCCConsumedEv) referenced from cortexmmcuinstrumentation.o(.constdata__ZTVN8touchgfx25CortexMMCUInstrumentationE)
 <LI><a href="#[161]">touchgfx::MCUInstrumentation::setCCConsumed(unsigned)</a> from cortexmmcuinstrumentation.o(i._ZN8touchgfx18MCUInstrumentation13setCCConsumedEj) referenced from cortexmmcuinstrumentation.o(.constdata__ZTVN8touchgfx25CortexMMCUInstrumentationE)
 <LI><a href="#[15a]">touchgfx::AnimationTextureMapper::setupAnimation(touchgfx::AnimationTextureMapper::AnimationParameter, float, unsigned short, unsigned short, short(*)(unsigned short, short, short, unsigned short))</a> from animationtexturemapper.o(i._ZN8touchgfx22AnimationTextureMapper14setupAnimationENS0_18AnimationParameterEfttPFstsstE) referenced from animationtexturemapper.o(.constdata__ZTVN8touchgfx22AnimationTextureMapperE)
 <LI><a href="#[15b]">touchgfx::AnimationTextureMapper::startAnimation()</a> from animationtexturemapper.o(i._ZN8touchgfx22AnimationTextureMapper14startAnimationEv) referenced from animationtexturemapper.o(.constdata__ZTVN8touchgfx22AnimationTextureMapperE)
 <LI><a href="#[158]">touchgfx::AnimationTextureMapper::handleTickEvent()</a> from animationtexturemapper.o(i._ZN8touchgfx22AnimationTextureMapper15handleTickEventEv) referenced from animationtexturemapper.o(.constdata__ZTVN8touchgfx22AnimationTextureMapperE)
 <LI><a href="#[15c]">touchgfx::AnimationTextureMapper::cancelAnimationTextureMapperAnimation()</a> from animationtexturemapper.o(i._ZN8touchgfx22AnimationTextureMapper37cancelAnimationTextureMapperAnimationEv) referenced from animationtexturemapper.o(.constdata__ZTVN8touchgfx22AnimationTextureMapperE)
 <LI><a href="#[15e]">touchgfx::CortexMMCUInstrumentation::getCPUCycles()</a> from cortexmmcuinstrumentation.o(i._ZN8touchgfx25CortexMMCUInstrumentation12getCPUCyclesEv) referenced from cortexmmcuinstrumentation.o(.constdata__ZTVN8touchgfx25CortexMMCUInstrumentationE)
 <LI><a href="#[15f]">touchgfx::CortexMMCUInstrumentation::setMCUActive(bool)</a> from cortexmmcuinstrumentation.o(i._ZN8touchgfx25CortexMMCUInstrumentation12setMCUActiveEb) referenced from cortexmmcuinstrumentation.o(.constdata__ZTVN8touchgfx25CortexMMCUInstrumentationE)
 <LI><a href="#[15d]">touchgfx::CortexMMCUInstrumentation::init()</a> from cortexmmcuinstrumentation.o(i._ZN8touchgfx25CortexMMCUInstrumentation4initEv) referenced from cortexmmcuinstrumentation.o(.constdata__ZTVN8touchgfx25CortexMMCUInstrumentationE)
 <LI><a href="#[b8]">touchgfx::CortexMMCUInstrumentation::~CortexMMCUInstrumentation()</a> from cortexmmcuinstrumentation.o(i._ZN8touchgfx25CortexMMCUInstrumentationD1Ev) referenced from cortexmmcuinstrumentation.o(.constdata__ZTVN8touchgfx25CortexMMCUInstrumentationE)
 <LI><a href="#[b8]">touchgfx::CortexMMCUInstrumentation::~CortexMMCUInstrumentation()</a> from cortexmmcuinstrumentation.o(i._ZN8touchgfx25CortexMMCUInstrumentationD1Ev) referenced from touchgfxhal.o(i.__sti___15_TouchGFXHAL_cpp_c3b64dc6)
 <LI><a href="#[ea]">touchgfx::HAL::FlushCache()</a> from hal.o(i._ZN8touchgfx3HAL10FlushCacheEv) referenced from touchgfxhal.o(.constdata__ZTV11TouchGFXHAL)
 <LI><a href="#[ea]">touchgfx::HAL::FlushCache()</a> from hal.o(i._ZN8touchgfx3HAL10FlushCacheEv) referenced from hal.o(.constdata__ZTVN8touchgfx3HALE)
 <LI><a href="#[168]">touchgfx::HAL::beginFrame()</a> from hal.o(i._ZN8touchgfx3HAL10beginFrameEv) referenced from hal.o(.constdata__ZTVN8touchgfx3HALE)
 <LI><a href="#[164]">touchgfx::HAL::initialize()</a> from hal.o(i._ZN8touchgfx3HAL10initializeEv) referenced from hal.o(.constdata__ZTVN8touchgfx3HALE)
 <LI><a href="#[d0]">touchgfx::HAL::getBlitCaps()</a> from hal.o(i._ZN8touchgfx3HAL11getBlitCapsEv) referenced from touchgfxhal.o(.constdata__ZTV11TouchGFXHAL)
 <LI><a href="#[d0]">touchgfx::HAL::getBlitCaps()</a> from hal.o(i._ZN8touchgfx3HAL11getBlitCapsEv) referenced from hal.o(.constdata__ZTVN8touchgfx3HALE)
 <LI><a href="#[e9]">touchgfx::HAL::InvalidateCache()</a> from hal.o(i._ZN8touchgfx3HAL15InvalidateCacheEv) referenced from touchgfxhal.o(.constdata__ZTV11TouchGFXHAL)
 <LI><a href="#[e9]">touchgfx::HAL::InvalidateCache()</a> from hal.o(i._ZN8touchgfx3HAL15InvalidateCacheEv) referenced from hal.o(.constdata__ZTVN8touchgfx3HALE)
 <LI><a href="#[d8]">touchgfx::HAL::backPorchExited()</a> from hal.o(i._ZN8touchgfx3HAL15backPorchExitedEv) referenced from touchgfxhal.o(.constdata__ZTV11TouchGFXHAL)
 <LI><a href="#[d8]">touchgfx::HAL::backPorchExited()</a> from hal.o(i._ZN8touchgfx3HAL15backPorchExitedEv) referenced from hal.o(.constdata__ZTVN8touchgfx3HALE)
 <LI><a href="#[cc]">touchgfx::HAL::lockFrameBuffer()</a> from hal.o(i._ZN8touchgfx3HAL15lockFrameBufferEv) referenced from touchgfxhal.o(.constdata__ZTV11TouchGFXHAL)
 <LI><a href="#[cc]">touchgfx::HAL::lockFrameBuffer()</a> from hal.o(i._ZN8touchgfx3HAL15lockFrameBufferEv) referenced from hal.o(.constdata__ZTVN8touchgfx3HALE)
 <LI><a href="#[d4]">touchgfx::HAL::blitCopyARGB8888(const unsigned short*, unsigned short, unsigned short, unsigned short, unsigned short, unsigned short, unsigned char, bool)</a> from hal.o(i._ZN8touchgfx3HAL16blitCopyARGB8888EPKtttttthb) referenced from touchgfxhal.o(.constdata__ZTV11TouchGFXHAL)
 <LI><a href="#[d4]">touchgfx::HAL::blitCopyARGB8888(const unsigned short*, unsigned short, unsigned short, unsigned short, unsigned short, unsigned short, unsigned char, bool)</a> from hal.o(i._ZN8touchgfx3HAL16blitCopyARGB8888EPKtttttthb) referenced from hal.o(.constdata__ZTVN8touchgfx3HALE)
 <LI><a href="#[165]">touchgfx::HAL::flushFrameBuffer(const touchgfx::Rect&)</a> from hal.o(i._ZN8touchgfx3HAL16flushFrameBufferERKNS_4RectE) referenced from hal.o(.constdata__ZTVN8touchgfx3HALE)
 <LI><a href="#[ca]">touchgfx::HAL::allowDMATransfers()</a> from hal.o(i._ZN8touchgfx3HAL17allowDMATransfersEv) referenced from touchgfxhal.o(.constdata__ZTV11TouchGFXHAL)
 <LI><a href="#[ca]">touchgfx::HAL::allowDMATransfers()</a> from hal.o(i._ZN8touchgfx3HAL17allowDMATransfersEv) referenced from hal.o(.constdata__ZTVN8touchgfx3HALE)
 <LI><a href="#[e1]">touchgfx::HAL::getTFTCurrentLine()</a> from hal.o(i._ZN8touchgfx3HAL17getTFTCurrentLineEv) referenced from touchgfxhal.o(.constdata__ZTV11TouchGFXHAL)
 <LI><a href="#[e1]">touchgfx::HAL::getTFTCurrentLine()</a> from hal.o(i._ZN8touchgfx3HAL17getTFTCurrentLineEv) referenced from hal.o(.constdata__ZTVN8touchgfx3HALE)
 <LI><a href="#[cd]">touchgfx::HAL::unlockFrameBuffer()</a> from hal.o(i._ZN8touchgfx3HAL17unlockFrameBufferEv) referenced from touchgfxhal.o(.constdata__ZTV11TouchGFXHAL)
 <LI><a href="#[cd]">touchgfx::HAL::unlockFrameBuffer()</a> from hal.o(i._ZN8touchgfx3HAL17unlockFrameBufferEv) referenced from hal.o(.constdata__ZTVN8touchgfx3HALE)
 <LI><a href="#[de]">touchgfx::HAL::setAnimationStorage(void*)</a> from hal.o(i._ZN8touchgfx3HAL19setAnimationStorageEPv) referenced from touchgfxhal.o(.constdata__ZTV11TouchGFXHAL)
 <LI><a href="#[de]">touchgfx::HAL::setAnimationStorage(void*)</a> from hal.o(i._ZN8touchgfx3HAL19setAnimationStorageEPv) referenced from hal.o(.constdata__ZTVN8touchgfx3HALE)
 <LI><a href="#[d7]">touchgfx::HAL::registerEventListener(touchgfx::UIEventListener&)</a> from hal.o(i._ZN8touchgfx3HAL21registerEventListenerERNS_15UIEventListenerE) referenced from touchgfxhal.o(.constdata__ZTV11TouchGFXHAL)
 <LI><a href="#[d7]">touchgfx::HAL::registerEventListener(touchgfx::UIEventListener&)</a> from hal.o(i._ZN8touchgfx3HAL21registerEventListenerERNS_15UIEventListenerE) referenced from hal.o(.constdata__ZTVN8touchgfx3HALE)
 <LI><a href="#[c6]">touchgfx::HAL::setDisplayOrientation(touchgfx::DisplayOrientation)</a> from hal.o(i._ZN8touchgfx3HAL21setDisplayOrientationENS_18DisplayOrientationE) referenced from touchgfxhal.o(.constdata__ZTV11TouchGFXHAL)
 <LI><a href="#[c6]">touchgfx::HAL::setDisplayOrientation(touchgfx::DisplayOrientation)</a> from hal.o(i._ZN8touchgfx3HAL21setDisplayOrientationENS_18DisplayOrientationE) referenced from hal.o(.constdata__ZTVN8touchgfx3HALE)
 <LI><a href="#[df]">touchgfx::HAL::configurePartialFrameBuffer(unsigned short, unsigned short, unsigned short, unsigned short)</a> from hal.o(i._ZN8touchgfx3HAL27configurePartialFrameBufferEtttt) referenced from touchgfxhal.o(.constdata__ZTV11TouchGFXHAL)
 <LI><a href="#[df]">touchgfx::HAL::configurePartialFrameBuffer(unsigned short, unsigned short, unsigned short, unsigned short)</a> from hal.o(i._ZN8touchgfx3HAL27configurePartialFrameBufferEtttt) referenced from hal.o(.constdata__ZTVN8touchgfx3HALE)
 <LI><a href="#[167]">touchgfx::HAL::setFrameBufferStartAddresses(void*, void*, void*)</a> from hal.o(i._ZN8touchgfx3HAL28setFrameBufferStartAddressesEPvS1_S1_) referenced from hal.o(.constdata__ZTVN8touchgfx3HALE)
 <LI><a href="#[e8]">touchgfx::HAL::performDisplayOrientationChange()</a> from hal.o(i._ZN8touchgfx3HAL31performDisplayOrientationChangeEv) referenced from touchgfxhal.o(.constdata__ZTV11TouchGFXHAL)
 <LI><a href="#[e8]">touchgfx::HAL::performDisplayOrientationChange()</a> from hal.o(i._ZN8touchgfx3HAL31performDisplayOrientationChangeEv) referenced from hal.o(.constdata__ZTVN8touchgfx3HALE)
 <LI><a href="#[e2]">touchgfx::HAL::tick()</a> from hal.o(i._ZN8touchgfx3HAL4tickEv) referenced from touchgfxhal.o(.constdata__ZTV11TouchGFXHAL)
 <LI><a href="#[e2]">touchgfx::HAL::tick()</a> from hal.o(i._ZN8touchgfx3HAL4tickEv) referenced from hal.o(.constdata__ZTVN8touchgfx3HALE)
 <LI><a href="#[e6]">touchgfx::HAL::touch(int, int)</a> from hal.o(i._ZN8touchgfx3HAL5touchEii) referenced from touchgfxhal.o(.constdata__ZTV11TouchGFXHAL)
 <LI><a href="#[e6]">touchgfx::HAL::touch(int, int)</a> from hal.o(i._ZN8touchgfx3HAL5touchEii) referenced from hal.o(.constdata__ZTVN8touchgfx3HALE)
 <LI><a href="#[e7]">touchgfx::HAL::noTouch()</a> from hal.o(i._ZN8touchgfx3HAL7noTouchEv) referenced from touchgfxhal.o(.constdata__ZTV11TouchGFXHAL)
 <LI><a href="#[e7]">touchgfx::HAL::noTouch()</a> from hal.o(i._ZN8touchgfx3HAL7noTouchEv) referenced from hal.o(.constdata__ZTVN8touchgfx3HALE)
 <LI><a href="#[d1]">touchgfx::HAL::blitCopy(const unsigned short*, const unsigned char*, unsigned short, unsigned short, unsigned short, unsigned short, unsigned short, unsigned char, bool, unsigned short, touchgfx::Bitmap::BitmapFormat, touchgfx::Bitmap::BitmapFormat, bool)</a> from hal.o(i._ZN8touchgfx3HAL8blitCopyEPKtPKhttttthbtNS_6Bitmap12BitmapFormatES6_b) referenced from touchgfxhal.o(.constdata__ZTV11TouchGFXHAL)
 <LI><a href="#[d1]">touchgfx::HAL::blitCopy(const unsigned short*, const unsigned char*, unsigned short, unsigned short, unsigned short, unsigned short, unsigned short, unsigned char, bool, unsigned short, touchgfx::Bitmap::BitmapFormat, touchgfx::Bitmap::BitmapFormat, bool)</a> from hal.o(i._ZN8touchgfx3HAL8blitCopyEPKtPKhttttthbtNS_6Bitmap12BitmapFormatES6_b) referenced from hal.o(.constdata__ZTVN8touchgfx3HALE)
 <LI><a href="#[d3]">touchgfx::HAL::blitCopy(const unsigned short*, unsigned short, unsigned short, unsigned short, unsigned short, unsigned short, unsigned char, bool, bool)</a> from hal.o(i._ZN8touchgfx3HAL8blitCopyEPKtttttthbb) referenced from touchgfxhal.o(.constdata__ZTV11TouchGFXHAL)
 <LI><a href="#[d3]">touchgfx::HAL::blitCopy(const unsigned short*, unsigned short, unsigned short, unsigned short, unsigned short, unsigned short, unsigned char, bool, bool)</a> from hal.o(i._ZN8touchgfx3HAL8blitCopyEPKtttttthbb) referenced from hal.o(.constdata__ZTVN8touchgfx3HALE)
 <LI><a href="#[d2]">touchgfx::HAL::blitCopy(const unsigned short*, unsigned short, unsigned short, unsigned short, unsigned short, unsigned short, unsigned char, bool, unsigned short, touchgfx::Bitmap::BitmapFormat, touchgfx::Bitmap::BitmapFormat, bool)</a> from hal.o(i._ZN8touchgfx3HAL8blitCopyEPKtttttthbtNS_6Bitmap12BitmapFormatES4_b) referenced from touchgfxhal.o(.constdata__ZTV11TouchGFXHAL)
 <LI><a href="#[d2]">touchgfx::HAL::blitCopy(const unsigned short*, unsigned short, unsigned short, unsigned short, unsigned short, unsigned short, unsigned char, bool, unsigned short, touchgfx::Bitmap::BitmapFormat, touchgfx::Bitmap::BitmapFormat, bool)</a> from hal.o(i._ZN8touchgfx3HAL8blitCopyEPKtttttthbtNS_6Bitmap12BitmapFormatES4_b) referenced from hal.o(.constdata__ZTVN8touchgfx3HALE)
 <LI><a href="#[d6]">touchgfx::HAL::blitFill(touchgfx::colortype, unsigned short, unsigned short, unsigned short, unsigned short, unsigned char, bool)</a> from hal.o(i._ZN8touchgfx3HAL8blitFillENS_9colortypeEtttthb) referenced from touchgfxhal.o(.constdata__ZTV11TouchGFXHAL)
 <LI><a href="#[d6]">touchgfx::HAL::blitFill(touchgfx::colortype, unsigned short, unsigned short, unsigned short, unsigned short, unsigned char, bool)</a> from hal.o(i._ZN8touchgfx3HAL8blitFillENS_9colortypeEtttthb) referenced from hal.o(.constdata__ZTVN8touchgfx3HALE)
 <LI><a href="#[d5]">touchgfx::HAL::blitFill(touchgfx::colortype, unsigned short, unsigned short, unsigned short, unsigned short, unsigned char, unsigned short, touchgfx::Bitmap::BitmapFormat, bool)</a> from hal.o(i._ZN8touchgfx3HAL8blitFillENS_9colortypeEtttthtNS_6Bitmap12BitmapFormatEb) referenced from touchgfxhal.o(.constdata__ZTV11TouchGFXHAL)
 <LI><a href="#[d5]">touchgfx::HAL::blitFill(touchgfx::colortype, unsigned short, unsigned short, unsigned short, unsigned short, unsigned char, unsigned short, touchgfx::Bitmap::BitmapFormat, bool)</a> from hal.o(i._ZN8touchgfx3HAL8blitFillENS_9colortypeEtttthtNS_6Bitmap12BitmapFormatEb) referenced from hal.o(.constdata__ZTVN8touchgfx3HALE)
 <LI><a href="#[169]">touchgfx::HAL::endFrame()</a> from hal.o(i._ZN8touchgfx3HAL8endFrameEv) referenced from hal.o(.constdata__ZTVN8touchgfx3HALE)
 <LI><a href="#[cb]">touchgfx::HAL::flushDMA()</a> from hal.o(i._ZN8touchgfx3HAL8flushDMAEv) referenced from touchgfxhal.o(.constdata__ZTV11TouchGFXHAL)
 <LI><a href="#[cb]">touchgfx::HAL::flushDMA()</a> from hal.o(i._ZN8touchgfx3HAL8flushDMAEv) referenced from hal.o(.constdata__ZTVN8touchgfx3HALE)
 <LI><a href="#[166]">touchgfx::HAL::blockCopy(void*, const void*, unsigned)</a> from hal.o(i._ZN8touchgfx3HAL9blockCopyEPvPKvj) referenced from hal.o(.constdata__ZTVN8touchgfx3HALE)
 <LI><a href="#[e0]">touchgfx::HAL::taskDelay(unsigned short)</a> from hal.o(i._ZN8touchgfx3HAL9taskDelayEt) referenced from touchgfxhal.o(.constdata__ZTV11TouchGFXHAL)
 <LI><a href="#[e0]">touchgfx::HAL::taskDelay(unsigned short)</a> from hal.o(i._ZN8touchgfx3HAL9taskDelayEt) referenced from hal.o(.constdata__ZTVN8touchgfx3HALE)
 <LI><a href="#[c8]">touchgfx::HAL::taskEntry()</a> from hal.o(i._ZN8touchgfx3HAL9taskEntryEv) referenced from touchgfxhal.o(.constdata__ZTV11TouchGFXHAL)
 <LI><a href="#[c8]">touchgfx::HAL::taskEntry()</a> from hal.o(i._ZN8touchgfx3HAL9taskEntryEv) referenced from hal.o(.constdata__ZTVN8touchgfx3HALE)
 <LI><a href="#[193]">touchgfx::LCD::drawTextureMapQuad(const touchgfx::DrawingSurface&, const touchgfx::Point3D*, const touchgfx::TextureSurface&, const touchgfx::Rect&, const touchgfx::Rect&, unsigned short, unsigned char, unsigned short)</a> from lcd.o(i._ZN8touchgfx3LCD18drawTextureMapQuadERKNS_14DrawingSurfaceEPKNS_7Point3DERKNS_14TextureSurfaceERKNS_4RectESC_tht) referenced from lcd16bpp.o(.constdata__ZTVN8touchgfx8LCD16bppE)
 <LI><a href="#[195]">touchgfx::LCD::drawTextureMapScanLine(const touchgfx::DrawingSurface&, const touchgfx::Gradients&, const touchgfx::Edge*, const touchgfx::Edge*, const touchgfx::TextureSurface&, const touchgfx::Rect&, const touchgfx::Rect&, unsigned short, unsigned char, unsigned short)</a> from lcd.o(i._ZN8touchgfx3LCD22drawTextureMapScanLineERKNS_14DrawingSurfaceERKNS_9GradientsEPKNS_4EdgeES9_RKNS_14TextureSurfaceERKNS_4RectESF_tht) referenced from lcd16bpp.o(.constdata__ZTVN8touchgfx8LCD16bppE)
 <LI><a href="#[192]">touchgfx::LCD::drawTextureMapTriangle(const touchgfx::DrawingSurface&, const touchgfx::Point3D*, const touchgfx::TextureSurface&, const touchgfx::Rect&, const touchgfx::Rect&, unsigned short, unsigned char, unsigned short)</a> from lcd.o(i._ZN8touchgfx3LCD22drawTextureMapTriangleERKNS_14DrawingSurfaceEPKNS_7Point3DERKNS_14TextureSurfaceERKNS_4RectESC_tht) referenced from lcd16bpp.o(.constdata__ZTVN8touchgfx8LCD16bppE)
 <LI><a href="#[9a]">touchgfx::Rect::Rect()</a> from application.o(i._ZN8touchgfx4RectC1Ev) referenced from application.o(i._ZN8touchgfx11Application15drawCachedAreasEv)
 <LI><a href="#[9a]">touchgfx::Rect::Rect()</a> from application.o(i._ZN8touchgfx4RectC1Ev) referenced from application.o(i._ZN8touchgfx11ApplicationC1Ev)
 <LI><a href="#[16c]">touchgfx::Image::setBitmap(const touchgfx::Bitmap&)</a> from image.o(i._ZN8touchgfx5Image9setBitmapERKNS_6BitmapE) referenced from image.o(.constdata__ZTVN8touchgfx5ImageE)
 <LI><a href="#[98]">touchgfx::BlitOp::BlitOp()</a> from stm32dma.o(i._ZN8touchgfx6BlitOpC1Ev) referenced from stm32dma.o(i._ZN8STM32DMAC1Ev)
 <LI><a href="#[9b]">touchgfx::Point4::Point4()</a> from texturemapper.o(i._ZN8touchgfx6Point4C1Ev) referenced from texturemapper.o(i._ZN8touchgfx13TextureMapper19applyTransformationEv)
 <LI><a href="#[16e]">touchgfx::Screen::setupScreen()</a> from screen.o(i._ZN8touchgfx6Screen11setupScreenEv) referenced from screen.o(.constdata__ZTVN8touchgfx6ScreenE)
 <LI><a href="#[f4]">touchgfx::Screen::handleKeyEvent(unsigned char)</a> from screen.o(i._ZN8touchgfx6Screen14handleKeyEventEh) referenced from watchviewbase.o(.constdata__ZTV13WatchViewBase)
 <LI><a href="#[f4]">touchgfx::Screen::handleKeyEvent(unsigned char)</a> from screen.o(i._ZN8touchgfx6Screen14handleKeyEventEh) referenced from watchview.o(.constdata__ZTV9WatchView)
 <LI><a href="#[f4]">touchgfx::Screen::handleKeyEvent(unsigned char)</a> from screen.o(i._ZN8touchgfx6Screen14handleKeyEventEh) referenced from screen.o(.constdata__ZTVN8touchgfx6ScreenE)
 <LI><a href="#[ef]">touchgfx::Screen::tearDownScreen()</a> from screen.o(i._ZN8touchgfx6Screen14tearDownScreenEv) referenced from watchviewbase.o(.constdata__ZTV13WatchViewBase)
 <LI><a href="#[ef]">touchgfx::Screen::tearDownScreen()</a> from screen.o(i._ZN8touchgfx6Screen14tearDownScreenEv) referenced from screen.o(.constdata__ZTVN8touchgfx6ScreenE)
 <LI><a href="#[ee]">touchgfx::Screen::afterTransition()</a> from screen.o(i._ZN8touchgfx6Screen15afterTransitionEv) referenced from watchviewbase.o(.constdata__ZTV13WatchViewBase)
 <LI><a href="#[ee]">touchgfx::Screen::afterTransition()</a> from screen.o(i._ZN8touchgfx6Screen15afterTransitionEv) referenced from watchview.o(.constdata__ZTV9WatchView)
 <LI><a href="#[ee]">touchgfx::Screen::afterTransition()</a> from screen.o(i._ZN8touchgfx6Screen15afterTransitionEv) referenced from screen.o(.constdata__ZTVN8touchgfx6ScreenE)
 <LI><a href="#[f1]">touchgfx::Screen::handleDragEvent(const touchgfx::DragEvent&)</a> from screen.o(i._ZN8touchgfx6Screen15handleDragEventERKNS_9DragEventE) referenced from watchviewbase.o(.constdata__ZTV13WatchViewBase)
 <LI><a href="#[f1]">touchgfx::Screen::handleDragEvent(const touchgfx::DragEvent&)</a> from screen.o(i._ZN8touchgfx6Screen15handleDragEventERKNS_9DragEventE) referenced from watchview.o(.constdata__ZTV9WatchView)
 <LI><a href="#[f1]">touchgfx::Screen::handleDragEvent(const touchgfx::DragEvent&)</a> from screen.o(i._ZN8touchgfx6Screen15handleDragEventERKNS_9DragEventE) referenced from screen.o(.constdata__ZTVN8touchgfx6ScreenE)
 <LI><a href="#[f3]">touchgfx::Screen::handleTickEvent()</a> from screen.o(i._ZN8touchgfx6Screen15handleTickEventEv) referenced from watchviewbase.o(.constdata__ZTV13WatchViewBase)
 <LI><a href="#[f3]">touchgfx::Screen::handleTickEvent()</a> from screen.o(i._ZN8touchgfx6Screen15handleTickEventEv) referenced from watchview.o(.constdata__ZTV9WatchView)
 <LI><a href="#[f3]">touchgfx::Screen::handleTickEvent()</a> from screen.o(i._ZN8touchgfx6Screen15handleTickEventEv) referenced from screen.o(.constdata__ZTVN8touchgfx6ScreenE)
 <LI><a href="#[f0]">touchgfx::Screen::handleClickEvent(const touchgfx::ClickEvent&)</a> from screen.o(i._ZN8touchgfx6Screen16handleClickEventERKNS_10ClickEventE) referenced from watchviewbase.o(.constdata__ZTV13WatchViewBase)
 <LI><a href="#[f0]">touchgfx::Screen::handleClickEvent(const touchgfx::ClickEvent&)</a> from screen.o(i._ZN8touchgfx6Screen16handleClickEventERKNS_10ClickEventE) referenced from watchview.o(.constdata__ZTV9WatchView)
 <LI><a href="#[f0]">touchgfx::Screen::handleClickEvent(const touchgfx::ClickEvent&)</a> from screen.o(i._ZN8touchgfx6Screen16handleClickEventERKNS_10ClickEventE) referenced from screen.o(.constdata__ZTVN8touchgfx6ScreenE)
 <LI><a href="#[f2]">touchgfx::Screen::handleGestureEvent(const touchgfx::GestureEvent&)</a> from screen.o(i._ZN8touchgfx6Screen18handleGestureEventERKNS_12GestureEventE) referenced from watchviewbase.o(.constdata__ZTV13WatchViewBase)
 <LI><a href="#[f2]">touchgfx::Screen::handleGestureEvent(const touchgfx::GestureEvent&)</a> from screen.o(i._ZN8touchgfx6Screen18handleGestureEventERKNS_12GestureEventE) referenced from watchview.o(.constdata__ZTV9WatchView)
 <LI><a href="#[f2]">touchgfx::Screen::handleGestureEvent(const touchgfx::GestureEvent&)</a> from screen.o(i._ZN8touchgfx6Screen18handleGestureEventERKNS_12GestureEventE) referenced from screen.o(.constdata__ZTVN8touchgfx6ScreenE)
 <LI><a href="#[ec]">touchgfx::Screen::draw(touchgfx::Rect&)</a> from screen.o(i._ZN8touchgfx6Screen4drawERNS_4RectE) referenced from watchviewbase.o(.constdata__ZTV13WatchViewBase)
 <LI><a href="#[ec]">touchgfx::Screen::draw(touchgfx::Rect&)</a> from screen.o(i._ZN8touchgfx6Screen4drawERNS_4RectE) referenced from watchview.o(.constdata__ZTV9WatchView)
 <LI><a href="#[ec]">touchgfx::Screen::draw(touchgfx::Rect&)</a> from screen.o(i._ZN8touchgfx6Screen4drawERNS_4RectE) referenced from screen.o(.constdata__ZTVN8touchgfx6ScreenE)
 <LI><a href="#[16d]">touchgfx::Screen::~Screen()</a> from screen.o(i._ZN8touchgfx6ScreenD1Ev) referenced from screen.o(.constdata__ZTVN8touchgfx6ScreenE)
 <LI><a href="#[141]">touchgfx::Widget::getLastChild(short, short, touchgfx::Drawable**)</a> from animationtexturemapper.o(i._ZN8touchgfx6Widget12getLastChildEssPPNS_8DrawableE) referenced from texturemapper.o(.constdata__ZTVN8touchgfx13TextureMapperE)
 <LI><a href="#[141]">touchgfx::Widget::getLastChild(short, short, touchgfx::Drawable**)</a> from animationtexturemapper.o(i._ZN8touchgfx6Widget12getLastChildEssPPNS_8DrawableE) referenced from animationtexturemapper.o(.constdata__ZTVN8touchgfx22AnimationTextureMapperE)
 <LI><a href="#[141]">touchgfx::Widget::getLastChild(short, short, touchgfx::Drawable**)</a> from animationtexturemapper.o(i._ZN8touchgfx6Widget12getLastChildEssPPNS_8DrawableE) referenced from box.o(.constdata__ZTVN8touchgfx3BoxE)
 <LI><a href="#[141]">touchgfx::Widget::getLastChild(short, short, touchgfx::Drawable**)</a> from animationtexturemapper.o(i._ZN8touchgfx6Widget12getLastChildEssPPNS_8DrawableE) referenced from image.o(.constdata__ZTVN8touchgfx5ImageE)
 <LI><a href="#[141]">touchgfx::Widget::getLastChild(short, short, touchgfx::Drawable**)</a> from animationtexturemapper.o(i._ZN8touchgfx6Widget12getLastChildEssPPNS_8DrawableE) referenced from watchviewbase.o(.constdata__ZTVN8touchgfx6WidgetE)
 <LI><a href="#[16f]">touchgfx::Callback&lang;FrontendApplicationBase, void, void, void&rang;::execute()</a> from frontendapplicationbase.o(t._ZN8touchgfx8CallbackI23FrontendApplicationBasevvvE7executeEv) referenced from frontendapplicationbase.o(.constdata__ZTVN8touchgfx8CallbackI23FrontendApplicationBasevvvEE)
 <LI><a href="#[142]">touchgfx::Drawable::setupDrawChain(const touchgfx::Rect&, touchgfx::Drawable**)</a> from animationtexturemapper.o(i._ZN8touchgfx8Drawable14setupDrawChainERKNS_4RectEPPS0_) referenced from texturemapper.o(.constdata__ZTVN8touchgfx13TextureMapperE)
 <LI><a href="#[142]">touchgfx::Drawable::setupDrawChain(const touchgfx::Rect&, touchgfx::Drawable**)</a> from animationtexturemapper.o(i._ZN8touchgfx8Drawable14setupDrawChainERKNS_4RectEPPS0_) referenced from animationtexturemapper.o(.constdata__ZTVN8touchgfx22AnimationTextureMapperE)
 <LI><a href="#[142]">touchgfx::Drawable::setupDrawChain(const touchgfx::Rect&, touchgfx::Drawable**)</a> from animationtexturemapper.o(i._ZN8touchgfx8Drawable14setupDrawChainERKNS_4RectEPPS0_) referenced from box.o(.constdata__ZTVN8touchgfx3BoxE)
 <LI><a href="#[142]">touchgfx::Drawable::setupDrawChain(const touchgfx::Rect&, touchgfx::Drawable**)</a> from animationtexturemapper.o(i._ZN8touchgfx8Drawable14setupDrawChainERKNS_4RectEPPS0_) referenced from image.o(.constdata__ZTVN8touchgfx5ImageE)
 <LI><a href="#[142]">touchgfx::Drawable::setupDrawChain(const touchgfx::Rect&, touchgfx::Drawable**)</a> from animationtexturemapper.o(i._ZN8touchgfx8Drawable14setupDrawChainERKNS_4RectEPPS0_) referenced from watchviewbase.o(.constdata__ZTVN8touchgfx6WidgetE)
 <LI><a href="#[142]">touchgfx::Drawable::setupDrawChain(const touchgfx::Rect&, touchgfx::Drawable**)</a> from animationtexturemapper.o(i._ZN8touchgfx8Drawable14setupDrawChainERKNS_4RectEPPS0_) referenced from drawable.o(.constdata__ZTVN8touchgfx8DrawableE)
 <LI><a href="#[122]">touchgfx::Drawable::handleDragEvent(const touchgfx::DragEvent&)</a> from analogclock.o(i._ZN8touchgfx8Drawable15handleDragEventERKNS_9DragEventE) referenced from analogclock.o(.constdata__ZTVN8touchgfx11AnalogClockE)
 <LI><a href="#[122]">touchgfx::Drawable::handleDragEvent(const touchgfx::DragEvent&)</a> from analogclock.o(i._ZN8touchgfx8Drawable15handleDragEventERKNS_9DragEventE) referenced from abstractclock.o(.constdata__ZTVN8touchgfx13AbstractClockE)
 <LI><a href="#[122]">touchgfx::Drawable::handleDragEvent(const touchgfx::DragEvent&)</a> from analogclock.o(i._ZN8touchgfx8Drawable15handleDragEventERKNS_9DragEventE) referenced from texturemapper.o(.constdata__ZTVN8touchgfx13TextureMapperE)
 <LI><a href="#[122]">touchgfx::Drawable::handleDragEvent(const touchgfx::DragEvent&)</a> from analogclock.o(i._ZN8touchgfx8Drawable15handleDragEventERKNS_9DragEventE) referenced from animationtexturemapper.o(.constdata__ZTVN8touchgfx22AnimationTextureMapperE)
 <LI><a href="#[122]">touchgfx::Drawable::handleDragEvent(const touchgfx::DragEvent&)</a> from analogclock.o(i._ZN8touchgfx8Drawable15handleDragEventERKNS_9DragEventE) referenced from box.o(.constdata__ZTVN8touchgfx3BoxE)
 <LI><a href="#[122]">touchgfx::Drawable::handleDragEvent(const touchgfx::DragEvent&)</a> from analogclock.o(i._ZN8touchgfx8Drawable15handleDragEventERKNS_9DragEventE) referenced from image.o(.constdata__ZTVN8touchgfx5ImageE)
 <LI><a href="#[122]">touchgfx::Drawable::handleDragEvent(const touchgfx::DragEvent&)</a> from analogclock.o(i._ZN8touchgfx8Drawable15handleDragEventERKNS_9DragEventE) referenced from watchviewbase.o(.constdata__ZTVN8touchgfx6WidgetE)
 <LI><a href="#[122]">touchgfx::Drawable::handleDragEvent(const touchgfx::DragEvent&)</a> from analogclock.o(i._ZN8touchgfx8Drawable15handleDragEventERKNS_9DragEventE) referenced from drawable.o(.constdata__ZTVN8touchgfx8DrawableE)
 <LI><a href="#[122]">touchgfx::Drawable::handleDragEvent(const touchgfx::DragEvent&)</a> from analogclock.o(i._ZN8touchgfx8Drawable15handleDragEventERKNS_9DragEventE) referenced from container.o(.constdata__ZTVN8touchgfx9ContainerE)
 <LI><a href="#[123]">touchgfx::Drawable::handleTickEvent()</a> from analogclock.o(i._ZN8touchgfx8Drawable15handleTickEventEv) referenced from analogclock.o(.constdata__ZTVN8touchgfx11AnalogClockE)
 <LI><a href="#[123]">touchgfx::Drawable::handleTickEvent()</a> from analogclock.o(i._ZN8touchgfx8Drawable15handleTickEventEv) referenced from abstractclock.o(.constdata__ZTVN8touchgfx13AbstractClockE)
 <LI><a href="#[123]">touchgfx::Drawable::handleTickEvent()</a> from analogclock.o(i._ZN8touchgfx8Drawable15handleTickEventEv) referenced from texturemapper.o(.constdata__ZTVN8touchgfx13TextureMapperE)
 <LI><a href="#[123]">touchgfx::Drawable::handleTickEvent()</a> from analogclock.o(i._ZN8touchgfx8Drawable15handleTickEventEv) referenced from box.o(.constdata__ZTVN8touchgfx3BoxE)
 <LI><a href="#[123]">touchgfx::Drawable::handleTickEvent()</a> from analogclock.o(i._ZN8touchgfx8Drawable15handleTickEventEv) referenced from image.o(.constdata__ZTVN8touchgfx5ImageE)
 <LI><a href="#[123]">touchgfx::Drawable::handleTickEvent()</a> from analogclock.o(i._ZN8touchgfx8Drawable15handleTickEventEv) referenced from watchviewbase.o(.constdata__ZTVN8touchgfx6WidgetE)
 <LI><a href="#[123]">touchgfx::Drawable::handleTickEvent()</a> from analogclock.o(i._ZN8touchgfx8Drawable15handleTickEventEv) referenced from drawable.o(.constdata__ZTVN8touchgfx8DrawableE)
 <LI><a href="#[123]">touchgfx::Drawable::handleTickEvent()</a> from analogclock.o(i._ZN8touchgfx8Drawable15handleTickEventEv) referenced from container.o(.constdata__ZTVN8touchgfx9ContainerE)
 <LI><a href="#[120]">touchgfx::Drawable::handleClickEvent(const touchgfx::ClickEvent&)</a> from analogclock.o(i._ZN8touchgfx8Drawable16handleClickEventERKNS_10ClickEventE) referenced from analogclock.o(.constdata__ZTVN8touchgfx11AnalogClockE)
 <LI><a href="#[120]">touchgfx::Drawable::handleClickEvent(const touchgfx::ClickEvent&)</a> from analogclock.o(i._ZN8touchgfx8Drawable16handleClickEventERKNS_10ClickEventE) referenced from abstractclock.o(.constdata__ZTVN8touchgfx13AbstractClockE)
 <LI><a href="#[120]">touchgfx::Drawable::handleClickEvent(const touchgfx::ClickEvent&)</a> from analogclock.o(i._ZN8touchgfx8Drawable16handleClickEventERKNS_10ClickEventE) referenced from texturemapper.o(.constdata__ZTVN8touchgfx13TextureMapperE)
 <LI><a href="#[120]">touchgfx::Drawable::handleClickEvent(const touchgfx::ClickEvent&)</a> from analogclock.o(i._ZN8touchgfx8Drawable16handleClickEventERKNS_10ClickEventE) referenced from animationtexturemapper.o(.constdata__ZTVN8touchgfx22AnimationTextureMapperE)
 <LI><a href="#[120]">touchgfx::Drawable::handleClickEvent(const touchgfx::ClickEvent&)</a> from analogclock.o(i._ZN8touchgfx8Drawable16handleClickEventERKNS_10ClickEventE) referenced from box.o(.constdata__ZTVN8touchgfx3BoxE)
 <LI><a href="#[120]">touchgfx::Drawable::handleClickEvent(const touchgfx::ClickEvent&)</a> from analogclock.o(i._ZN8touchgfx8Drawable16handleClickEventERKNS_10ClickEventE) referenced from image.o(.constdata__ZTVN8touchgfx5ImageE)
 <LI><a href="#[120]">touchgfx::Drawable::handleClickEvent(const touchgfx::ClickEvent&)</a> from analogclock.o(i._ZN8touchgfx8Drawable16handleClickEventERKNS_10ClickEventE) referenced from watchviewbase.o(.constdata__ZTVN8touchgfx6WidgetE)
 <LI><a href="#[120]">touchgfx::Drawable::handleClickEvent(const touchgfx::ClickEvent&)</a> from analogclock.o(i._ZN8touchgfx8Drawable16handleClickEventERKNS_10ClickEventE) referenced from drawable.o(.constdata__ZTVN8touchgfx8DrawableE)
 <LI><a href="#[120]">touchgfx::Drawable::handleClickEvent(const touchgfx::ClickEvent&)</a> from analogclock.o(i._ZN8touchgfx8Drawable16handleClickEventERKNS_10ClickEventE) referenced from container.o(.constdata__ZTVN8touchgfx9ContainerE)
 <LI><a href="#[121]">touchgfx::Drawable::handleGestureEvent(const touchgfx::GestureEvent&)</a> from analogclock.o(i._ZN8touchgfx8Drawable18handleGestureEventERKNS_12GestureEventE) referenced from analogclock.o(.constdata__ZTVN8touchgfx11AnalogClockE)
 <LI><a href="#[121]">touchgfx::Drawable::handleGestureEvent(const touchgfx::GestureEvent&)</a> from analogclock.o(i._ZN8touchgfx8Drawable18handleGestureEventERKNS_12GestureEventE) referenced from abstractclock.o(.constdata__ZTVN8touchgfx13AbstractClockE)
 <LI><a href="#[121]">touchgfx::Drawable::handleGestureEvent(const touchgfx::GestureEvent&)</a> from analogclock.o(i._ZN8touchgfx8Drawable18handleGestureEventERKNS_12GestureEventE) referenced from texturemapper.o(.constdata__ZTVN8touchgfx13TextureMapperE)
 <LI><a href="#[121]">touchgfx::Drawable::handleGestureEvent(const touchgfx::GestureEvent&)</a> from analogclock.o(i._ZN8touchgfx8Drawable18handleGestureEventERKNS_12GestureEventE) referenced from animationtexturemapper.o(.constdata__ZTVN8touchgfx22AnimationTextureMapperE)
 <LI><a href="#[121]">touchgfx::Drawable::handleGestureEvent(const touchgfx::GestureEvent&)</a> from analogclock.o(i._ZN8touchgfx8Drawable18handleGestureEventERKNS_12GestureEventE) referenced from box.o(.constdata__ZTVN8touchgfx3BoxE)
 <LI><a href="#[121]">touchgfx::Drawable::handleGestureEvent(const touchgfx::GestureEvent&)</a> from analogclock.o(i._ZN8touchgfx8Drawable18handleGestureEventERKNS_12GestureEventE) referenced from image.o(.constdata__ZTVN8touchgfx5ImageE)
 <LI><a href="#[121]">touchgfx::Drawable::handleGestureEvent(const touchgfx::GestureEvent&)</a> from analogclock.o(i._ZN8touchgfx8Drawable18handleGestureEventERKNS_12GestureEventE) referenced from watchviewbase.o(.constdata__ZTVN8touchgfx6WidgetE)
 <LI><a href="#[121]">touchgfx::Drawable::handleGestureEvent(const touchgfx::GestureEvent&)</a> from analogclock.o(i._ZN8touchgfx8Drawable18handleGestureEventERKNS_12GestureEventE) referenced from drawable.o(.constdata__ZTVN8touchgfx8DrawableE)
 <LI><a href="#[121]">touchgfx::Drawable::handleGestureEvent(const touchgfx::GestureEvent&)</a> from analogclock.o(i._ZN8touchgfx8Drawable18handleGestureEventERKNS_12GestureEventE) referenced from container.o(.constdata__ZTVN8touchgfx9ContainerE)
 <LI><a href="#[11c]">touchgfx::Drawable::setX(short)</a> from analogclock.o(i._ZN8touchgfx8Drawable4setXEs) referenced from analogclock.o(.constdata__ZTVN8touchgfx11AnalogClockE)
 <LI><a href="#[11c]">touchgfx::Drawable::setX(short)</a> from analogclock.o(i._ZN8touchgfx8Drawable4setXEs) referenced from abstractclock.o(.constdata__ZTVN8touchgfx13AbstractClockE)
 <LI><a href="#[11c]">touchgfx::Drawable::setX(short)</a> from analogclock.o(i._ZN8touchgfx8Drawable4setXEs) referenced from texturemapper.o(.constdata__ZTVN8touchgfx13TextureMapperE)
 <LI><a href="#[11c]">touchgfx::Drawable::setX(short)</a> from analogclock.o(i._ZN8touchgfx8Drawable4setXEs) referenced from animationtexturemapper.o(.constdata__ZTVN8touchgfx22AnimationTextureMapperE)
 <LI><a href="#[11c]">touchgfx::Drawable::setX(short)</a> from analogclock.o(i._ZN8touchgfx8Drawable4setXEs) referenced from box.o(.constdata__ZTVN8touchgfx3BoxE)
 <LI><a href="#[11c]">touchgfx::Drawable::setX(short)</a> from analogclock.o(i._ZN8touchgfx8Drawable4setXEs) referenced from image.o(.constdata__ZTVN8touchgfx5ImageE)
 <LI><a href="#[11c]">touchgfx::Drawable::setX(short)</a> from analogclock.o(i._ZN8touchgfx8Drawable4setXEs) referenced from watchviewbase.o(.constdata__ZTVN8touchgfx6WidgetE)
 <LI><a href="#[11c]">touchgfx::Drawable::setX(short)</a> from analogclock.o(i._ZN8touchgfx8Drawable4setXEs) referenced from drawable.o(.constdata__ZTVN8touchgfx8DrawableE)
 <LI><a href="#[11c]">touchgfx::Drawable::setX(short)</a> from analogclock.o(i._ZN8touchgfx8Drawable4setXEs) referenced from container.o(.constdata__ZTVN8touchgfx9ContainerE)
 <LI><a href="#[11d]">touchgfx::Drawable::setY(short)</a> from analogclock.o(i._ZN8touchgfx8Drawable4setYEs) referenced from analogclock.o(.constdata__ZTVN8touchgfx11AnalogClockE)
[...]
<LI><a href="#[1e4]">&gt;&gt;</a>&nbsp;&nbsp;&nbsp;HAL_I2C_Mem_Write
<LI><a href="#[1e0]">&gt;&gt;</a>&nbsp;&nbsp;&nbsp;HAL_I2C_Mem_Read
<LI><a href="#[1e5]">&gt;&gt;</a>&nbsp;&nbsp;&nbsp;I2C_RequestMemoryWrite
<LI><a href="#[1e1]">&gt;&gt;</a>&nbsp;&nbsp;&nbsp;I2C_RequestMemoryRead
</UL>

<P><STRONG><a name="[1e3]"></a>I2C_WaitOnSTOPFlagUntilTimeout</STRONG> (Thumb, 76 bytes, Stack size 16 bytes, stm32l4xx_hal_i2c.o(i.I2C_WaitOnSTOPFlagUntilTimeout))
<BR><BR>[Stack]<UL><LI>Max Depth = 48<LI>Call Chain = I2C_WaitOnSTOPFlagUntilTimeout &rArr; I2C_IsErrorOccurred
</UL>
<BR>[Calls]<UL><LI><a href="#[225]">&gt;&gt;</a>&nbsp;&nbsp;&nbsp;I2C_IsErrorOccurred
<LI><a href="#[1b8]">&gt;&gt;</a>&nbsp;&nbsp;&nbsp;HAL_GetTick
</UL>
<BR>[Called By]<UL><LI><a href="#[1e4]">&gt;&gt;</a>&nbsp;&nbsp;&nbsp;HAL_I2C_Mem_Write
<LI><a href="#[1e0]">&gt;&gt;</a>&nbsp;&nbsp;&nbsp;HAL_I2C_Mem_Read
</UL>

<P><STRONG><a name="[1e6]"></a>I2C_WaitOnTXISFlagUntilTimeout</STRONG> (Thumb, 80 bytes, Stack size 16 bytes, stm32l4xx_hal_i2c.o(i.I2C_WaitOnTXISFlagUntilTimeout))
<BR><BR>[Stack]<UL><LI>Max Depth = 48<LI>Call Chain = I2C_WaitOnTXISFlagUntilTimeout &rArr; I2C_IsErrorOccurred
</UL>
<BR>[Calls]<UL><LI><a href="#[225]">&gt;&gt;</a>&nbsp;&nbsp;&nbsp;I2C_IsErrorOccurred
<LI><a href="#[1b8]">&gt;&gt;</a>&nbsp;&nbsp;&nbsp;HAL_GetTick
</UL>
<BR>[Called By]<UL><LI><a href="#[1e4]">&gt;&gt;</a>&nbsp;&nbsp;&nbsp;HAL_I2C_Mem_Write
<LI><a href="#[1e5]">&gt;&gt;</a>&nbsp;&nbsp;&nbsp;I2C_RequestMemoryWrite
<LI><a href="#[1e1]">&gt;&gt;</a>&nbsp;&nbsp;&nbsp;I2C_RequestMemoryRead
</UL>

<P><STRONG><a name="[20e]"></a>RCC_GetSysClockFreqFromPLLSource</STRONG> (Thumb, 90 bytes, Stack size 0 bytes, stm32l4xx_hal_rcc.o(i.RCC_GetSysClockFreqFromPLLSource))
<BR><BR>[Called By]<UL><LI><a href="#[20c]">&gt;&gt;</a>&nbsp;&nbsp;&nbsp;HAL_RCC_ClockConfig
</UL>

<P><STRONG><a name="[20f]"></a>RCC_SetFlashLatencyFromMSIRange</STRONG> (Thumb, 108 bytes, Stack size 24 bytes, stm32l4xx_hal_rcc.o(i.RCC_SetFlashLatencyFromMSIRange))
<BR><BR>[Stack]<UL><LI>Max Depth = 24<LI>Call Chain = RCC_SetFlashLatencyFromMSIRange
</UL>
<BR>[Calls]<UL><LI><a href="#[24f]">&gt;&gt;</a>&nbsp;&nbsp;&nbsp;HAL_PWREx_GetVoltageRange
</UL>
<BR>[Called By]<UL><LI><a href="#[1cc]">&gt;&gt;</a>&nbsp;&nbsp;&nbsp;HAL_RCC_OscConfig
</UL>

<P><STRONG><a name="[20a]"></a>RCCEx_PLLSAI1_Config</STRONG> (Thumb, 274 bytes, Stack size 24 bytes, stm32l4xx_hal_rcc_ex.o(i.RCCEx_PLLSAI1_Config))
<BR><BR>[Stack]<UL><LI>Max Depth = 24<LI>Call Chain = RCCEx_PLLSAI1_Config
</UL>
<BR>[Calls]<UL><LI><a href="#[1b8]">&gt;&gt;</a>&nbsp;&nbsp;&nbsp;HAL_GetTick
</UL>
<BR>[Called By]<UL><LI><a href="#[1cd]">&gt;&gt;</a>&nbsp;&nbsp;&nbsp;HAL_RCCEx_PeriphCLKConfig
</UL>

<P><STRONG><a name="[20b]"></a>RCCEx_PLLSAI2_Config</STRONG> (Thumb, 274 bytes, Stack size 24 bytes, stm32l4xx_hal_rcc_ex.o(i.RCCEx_PLLSAI2_Config))
<BR><BR>[Stack]<UL><LI>Max Depth = 24<LI>Call Chain = RCCEx_PLLSAI2_Config
</UL>
<BR>[Calls]<UL><LI><a href="#[1b8]">&gt;&gt;</a>&nbsp;&nbsp;&nbsp;HAL_GetTick
</UL>
<BR>[Called By]<UL><LI><a href="#[1cd]">&gt;&gt;</a>&nbsp;&nbsp;&nbsp;HAL_RCCEx_PeriphCLKConfig
</UL>

<P><STRONG><a name="[1fe]"></a>__NVIC_SetPriority</STRONG> (Thumb, 32 bytes, Stack size 0 bytes, stm32l4xx_hal_cortex.o(i.__NVIC_SetPriority))
<BR><BR>[Called By]<UL><LI><a href="#[1c0]">&gt;&gt;</a>&nbsp;&nbsp;&nbsp;HAL_NVIC_SetPriority
</UL>

<P><STRONG><a name="[1c9]"></a>DSI_ConfigPacketHeader</STRONG> (Thumb, 20 bytes, Stack size 8 bytes, stm32l4xx_hal_dsi.o(i.DSI_ConfigPacketHeader))
<BR><BR>[Stack]<UL><LI>Max Depth = 8<LI>Call Chain = DSI_ConfigPacketHeader
</UL>
<BR>[Called By]<UL><LI><a href="#[1c8]">&gt;&gt;</a>&nbsp;&nbsp;&nbsp;HAL_DSI_LongWrite
</UL>

<P><STRONG><a name="[1b7]"></a>DSI_ShortWrite</STRONG> (Thumb, 72 bytes, Stack size 32 bytes, stm32l4xx_hal_dsi.o(i.DSI_ShortWrite))
<BR><BR>[Stack]<UL><LI>Max Depth = 32<LI>Call Chain = DSI_ShortWrite
</UL>
<BR>[Calls]<UL><LI><a href="#[1b8]">&gt;&gt;</a>&nbsp;&nbsp;&nbsp;HAL_GetTick
</UL>
<BR>[Called By]<UL><LI><a href="#[1d0]">&gt;&gt;</a>&nbsp;&nbsp;&nbsp;HAL_DSI_ShortWrite
</UL>

<P><STRONG><a name="[1f4]"></a>LTDC_SetConfig</STRONG> (Thumb, 354 bytes, Stack size 20 bytes, stm32l4xx_hal_ltdc.o(i.LTDC_SetConfig))
<BR><BR>[Stack]<UL><LI>Max Depth = 20<LI>Call Chain = LTDC_SetConfig
</UL>
<BR>[Called By]<UL><LI><a href="#[1fd]">&gt;&gt;</a>&nbsp;&nbsp;&nbsp;HAL_LTDC_SetAddress
<LI><a href="#[1f2]">&gt;&gt;</a>&nbsp;&nbsp;&nbsp;HAL_LTDC_ConfigLayer
</UL>

<P><STRONG><a name="[200]"></a>OSPIM_GetConfig</STRONG> (Thumb, 194 bytes, Stack size 20 bytes, stm32l4xx_hal_ospi.o(i.OSPIM_GetConfig))
<BR><BR>[Stack]<UL><LI>Max Depth = 20<LI>Call Chain = OSPIM_GetConfig
</UL>
<BR>[Called By]<UL><LI><a href="#[1ff]">&gt;&gt;</a>&nbsp;&nbsp;&nbsp;HAL_OSPIM_Config
</UL>

<P><STRONG><a name="[203]"></a>OSPI_ConfigCmd</STRONG> (Thumb, 410 bytes, Stack size 20 bytes, stm32l4xx_hal_ospi.o(i.OSPI_ConfigCmd))
<BR><BR>[Stack]<UL><LI>Max Depth = 20<LI>Call Chain = OSPI_ConfigCmd
</UL>
<BR>[Called By]<UL><LI><a href="#[1b2]">&gt;&gt;</a>&nbsp;&nbsp;&nbsp;HAL_OSPI_Command
</UL>

<P><STRONG><a name="[202]"></a>OSPI_WaitFlagStateUntilTimeout</STRONG> (Thumb, 72 bytes, Stack size 24 bytes, stm32l4xx_hal_ospi.o(i.OSPI_WaitFlagStateUntilTimeout))
<BR><BR>[Stack]<UL><LI>Max Depth = 24<LI>Call Chain = OSPI_WaitFlagStateUntilTimeout
</UL>
<BR>[Calls]<UL><LI><a href="#[1b8]">&gt;&gt;</a>&nbsp;&nbsp;&nbsp;HAL_GetTick
</UL>
<BR>[Called By]<UL><LI><a href="#[209]">&gt;&gt;</a>&nbsp;&nbsp;&nbsp;HAL_OSPI_Transmit
<LI><a href="#[1b3]">&gt;&gt;</a>&nbsp;&nbsp;&nbsp;HAL_OSPI_Receive
<LI><a href="#[208]">&gt;&gt;</a>&nbsp;&nbsp;&nbsp;HAL_OSPI_MemoryMapped
<LI><a href="#[206]">&gt;&gt;</a>&nbsp;&nbsp;&nbsp;HAL_OSPI_Init
<LI><a href="#[1b2]">&gt;&gt;</a>&nbsp;&nbsp;&nbsp;HAL_OSPI_Command
<LI><a href="#[201]">&gt;&gt;</a>&nbsp;&nbsp;&nbsp;HAL_OSPI_AutoPolling
</UL>

<P><STRONG><a name="[348]"></a>prvCopyDataFromQueue</STRONG> (Thumb, 38 bytes, Stack size 8 bytes, queue.o(i.prvCopyDataFromQueue))
<BR><BR>[Stack]<UL><LI>Max Depth = 8<LI>Call Chain = prvCopyDataFromQueue
</UL>
<BR>[Calls]<UL><LI><a href="#[349]">&gt;&gt;</a>&nbsp;&nbsp;&nbsp;__aeabi_memcpy
</UL>
<BR>[Called By]<UL><LI><a href="#[331]">&gt;&gt;</a>&nbsp;&nbsp;&nbsp;xQueueReceiveFromISR
<LI><a href="#[332]">&gt;&gt;</a>&nbsp;&nbsp;&nbsp;xQueueReceive
</UL>

<P><STRONG><a name="[34a]"></a>prvCopyDataToQueue</STRONG> (Thumb, 108 bytes, Stack size 24 bytes, queue.o(i.prvCopyDataToQueue))
<BR><BR>[Stack]<UL><LI>Max Depth = 40<LI>Call Chain = prvCopyDataToQueue &rArr; xTaskPriorityDisinherit
</UL>
<BR>[Calls]<UL><LI><a href="#[34b]">&gt;&gt;</a>&nbsp;&nbsp;&nbsp;xTaskPriorityDisinherit
<LI><a href="#[349]">&gt;&gt;</a>&nbsp;&nbsp;&nbsp;__aeabi_memcpy
</UL>
<BR>[Called By]<UL><LI><a href="#[336]">&gt;&gt;</a>&nbsp;&nbsp;&nbsp;xQueueGenericSendFromISR
<LI><a href="#[337]">&gt;&gt;</a>&nbsp;&nbsp;&nbsp;xQueueGenericSend
</UL>

<P><STRONG><a name="[34f]"></a>prvInitialiseNewQueue</STRONG> (Thumb, 34 bytes, Stack size 16 bytes, queue.o(i.prvInitialiseNewQueue))
<BR><BR>[Stack]<UL><LI>Max Depth = 48<LI>Call Chain = prvInitialiseNewQueue &rArr; xQueueGenericReset &rArr; xTaskRemoveFromEventList
</UL>
<BR>[Calls]<UL><LI><a href="#[350]">&gt;&gt;</a>&nbsp;&nbsp;&nbsp;xQueueGenericReset
</UL>
<BR>[Called By]<UL><LI><a href="#[333]">&gt;&gt;</a>&nbsp;&nbsp;&nbsp;xQueueGenericCreateStatic
<LI><a href="#[334]">&gt;&gt;</a>&nbsp;&nbsp;&nbsp;xQueueGenericCreate
</UL>

<P><STRONG><a name="[355]"></a>prvIsQueueEmpty</STRONG> (Thumb, 28 bytes, Stack size 8 bytes, queue.o(i.prvIsQueueEmpty))
<BR><BR>[Stack]<UL><LI>Max Depth = 8<LI>Call Chain = prvIsQueueEmpty
</UL>
<BR>[Calls]<UL><LI><a href="#[346]">&gt;&gt;</a>&nbsp;&nbsp;&nbsp;vPortExitCritical
<LI><a href="#[344]">&gt;&gt;</a>&nbsp;&nbsp;&nbsp;vPortEnterCritical
</UL>
<BR>[Called By]<UL><LI><a href="#[338]">&gt;&gt;</a>&nbsp;&nbsp;&nbsp;xQueueSemaphoreTake
<LI><a href="#[332]">&gt;&gt;</a>&nbsp;&nbsp;&nbsp;xQueueReceive
</UL>

<P><STRONG><a name="[35f]"></a>prvUnlockQueue</STRONG> (Thumb, 106 bytes, Stack size 24 bytes, queue.o(i.prvUnlockQueue))
<BR><BR>[Stack]<UL><LI>Max Depth = 40<LI>Call Chain = prvUnlockQueue &rArr; xTaskRemoveFromEventList
</UL>
<BR>[Calls]<UL><LI><a href="#[360]">&gt;&gt;</a>&nbsp;&nbsp;&nbsp;xTaskRemoveFromEventList
<LI><a href="#[361]">&gt;&gt;</a>&nbsp;&nbsp;&nbsp;vTaskMissedYield
<LI><a href="#[346]">&gt;&gt;</a>&nbsp;&nbsp;&nbsp;vPortExitCritical
<LI><a href="#[344]">&gt;&gt;</a>&nbsp;&nbsp;&nbsp;vPortEnterCritical
</UL>
<BR>[Called By]<UL><LI><a href="#[338]">&gt;&gt;</a>&nbsp;&nbsp;&nbsp;xQueueSemaphoreTake
<LI><a href="#[332]">&gt;&gt;</a>&nbsp;&nbsp;&nbsp;xQueueReceive
<LI><a href="#[337]">&gt;&gt;</a>&nbsp;&nbsp;&nbsp;xQueueGenericSend
<LI><a href="#[35c]">&gt;&gt;</a>&nbsp;&nbsp;&nbsp;vQueueWaitForMessageRestricted
</UL>

<P><STRONG><a name="[33f]"></a>prvAddCurrentTaskToDelayedList</STRONG> (Thumb, 84 bytes, Stack size 24 bytes, tasks.o(i.prvAddCurrentTaskToDelayedList))
<BR><BR>[Stack]<UL><LI>Max Depth = 36<LI>Call Chain = prvAddCurrentTaskToDelayedList &rArr; vListInsert
</UL>
<BR>[Calls]<UL><LI><a href="#[341]">&gt;&gt;</a>&nbsp;&nbsp;&nbsp;vListInsertEnd
<LI><a href="#[342]">&gt;&gt;</a>&nbsp;&nbsp;&nbsp;vListInsert
<LI><a href="#[340]">&gt;&gt;</a>&nbsp;&nbsp;&nbsp;uxListRemove
</UL>
<BR>[Called By]<UL><LI><a href="#[36c]">&gt;&gt;</a>&nbsp;&nbsp;&nbsp;vTaskPlaceOnEventListRestricted
<LI><a href="#[36d]">&gt;&gt;</a>&nbsp;&nbsp;&nbsp;vTaskPlaceOnEventList
<LI><a href="#[32f]">&gt;&gt;</a>&nbsp;&nbsp;&nbsp;vTaskDelay
</UL>

<P><STRONG><a name="[343]"></a>prvAddNewTaskToReadyList</STRONG> (Thumb, 190 bytes, Stack size 24 bytes, tasks.o(i.prvAddNewTaskToReadyList))
<BR><BR>[Stack]<UL><LI>Max Depth = 24<LI>Call Chain = prvAddNewTaskToReadyList
</UL>
<BR>[Calls]<UL><LI><a href="#[341]">&gt;&gt;</a>&nbsp;&nbsp;&nbsp;vListInsertEnd
<LI><a href="#[346]">&gt;&gt;</a>&nbsp;&nbsp;&nbsp;vPortExitCritical
<LI><a href="#[344]">&gt;&gt;</a>&nbsp;&nbsp;&nbsp;vPortEnterCritical
<LI><a href="#[345]">&gt;&gt;</a>&nbsp;&nbsp;&nbsp;vListInitialise
</UL>
<BR>[Called By]<UL><LI><a href="#[33d]">&gt;&gt;</a>&nbsp;&nbsp;&nbsp;xTaskCreateStatic
<LI><a href="#[33e]">&gt;&gt;</a>&nbsp;&nbsp;&nbsp;xTaskCreate
</UL>

<P><STRONG><a name="[34c]"></a>prvDeleteTCB</STRONG> (Thumb, 52 bytes, Stack size 8 bytes, tasks.o(i.prvDeleteTCB))
<BR><BR>[Stack]<UL><LI>Max Depth = 80<LI>Call Chain = prvDeleteTCB &rArr; vPortFree &rArr; xTaskResumeAll &rArr; xTaskIncrementTick
</UL>
<BR>[Calls]<UL><LI><a href="#[34d]">&gt;&gt;</a>&nbsp;&nbsp;&nbsp;vPortFree
</UL>
<BR>[Called By]<UL><LI><a href="#[c3]">&gt;&gt;</a>&nbsp;&nbsp;&nbsp;prvIdleTask
</UL>

<P><STRONG><a name="[c3]"></a>prvIdleTask</STRONG> (Thumb, 86 bytes, Stack size 0 bytes, tasks.o(i.prvIdleTask))
<BR><BR>[Stack]<UL><LI>Max Depth = 80<LI>Call Chain = prvIdleTask &rArr; prvDeleteTCB &rArr; vPortFree &rArr; xTaskResumeAll &rArr; xTaskIncrementTick
</UL>
<BR>[Calls]<UL><LI><a href="#[34e]">&gt;&gt;</a>&nbsp;&nbsp;&nbsp;vApplicationIdleHook
<LI><a href="#[340]">&gt;&gt;</a>&nbsp;&nbsp;&nbsp;uxListRemove
<LI><a href="#[346]">&gt;&gt;</a>&nbsp;&nbsp;&nbsp;vPortExitCritical
<LI><a href="#[344]">&gt;&gt;</a>&nbsp;&nbsp;&nbsp;vPortEnterCritical
<LI><a href="#[34c]">&gt;&gt;</a>&nbsp;&nbsp;&nbsp;prvDeleteTCB
</UL>
<BR>[Address Reference Count : 1]<UL><LI> tasks.o(i.vTaskStartScheduler)
</UL>
<P><STRONG><a name="[351]"></a>prvInitialiseNewTask</STRONG> (Thumb, 178 bytes, Stack size 40 bytes, tasks.o(i.prvInitialiseNewTask))
<BR><BR>[Stack]<UL><LI>Max Depth = 48<LI>Call Chain = prvInitialiseNewTask &rArr; pxPortInitialiseStack
</UL>
<BR>[Calls]<UL><LI><a href="#[352]">&gt;&gt;</a>&nbsp;&nbsp;&nbsp;vListInitialiseItem
<LI><a href="#[353]">&gt;&gt;</a>&nbsp;&nbsp;&nbsp;pxPortInitialiseStack
<LI><a href="#[1a9]">&gt;&gt;</a>&nbsp;&nbsp;&nbsp;__aeabi_memset
</UL>
<BR>[Called By]<UL><LI><a href="#[33d]">&gt;&gt;</a>&nbsp;&nbsp;&nbsp;xTaskCreateStatic
<LI><a href="#[33e]">&gt;&gt;</a>&nbsp;&nbsp;&nbsp;xTaskCreate
</UL>

<P><STRONG><a name="[37b]"></a>prvResetNextTaskUnblockTime</STRONG> (Thumb, 26 bytes, Stack size 0 bytes, tasks.o(i.prvResetNextTaskUnblockTime))
<BR><BR>[Called By]<UL><LI><a href="#[35b]">&gt;&gt;</a>&nbsp;&nbsp;&nbsp;xTaskResumeAll
<LI><a href="#[376]">&gt;&gt;</a>&nbsp;&nbsp;&nbsp;xTaskIncrementTick
</UL>

<P><STRONG><a name="[347]"></a>prvCheckForValidListAndQueue</STRONG> (Thumb, 72 bytes, Stack size 16 bytes, timers.o(i.prvCheckForValidListAndQueue))
<BR><BR>[Stack]<UL><LI>Max Depth = 80<LI>Call Chain = prvCheckForValidListAndQueue &rArr; xQueueGenericCreateStatic &rArr; prvInitialiseNewQueue &rArr; xQueueGenericReset &rArr; xTaskRemoveFromEventList
</UL>
<BR>[Calls]<UL><LI><a href="#[333]">&gt;&gt;</a>&nbsp;&nbsp;&nbsp;xQueueGenericCreateStatic
<LI><a href="#[335]">&gt;&gt;</a>&nbsp;&nbsp;&nbsp;vQueueAddToRegistry
<LI><a href="#[346]">&gt;&gt;</a>&nbsp;&nbsp;&nbsp;vPortExitCritical
<LI><a href="#[344]">&gt;&gt;</a>&nbsp;&nbsp;&nbsp;vPortEnterCritical
<LI><a href="#[345]">&gt;&gt;</a>&nbsp;&nbsp;&nbsp;vListInitialise
</UL>
<BR>[Called By]<UL><LI><a href="#[370]">&gt;&gt;</a>&nbsp;&nbsp;&nbsp;xTimerCreateTimerTask
</UL>

<P><STRONG><a name="[354]"></a>prvInsertTimerInActiveList</STRONG> (Thumb, 52 bytes, Stack size 16 bytes, timers.o(i.prvInsertTimerInActiveList))
<BR><BR>[Stack]<UL><LI>Max Depth = 28<LI>Call Chain = prvInsertTimerInActiveList &rArr; vListInsert
</UL>
<BR>[Calls]<UL><LI><a href="#[342]">&gt;&gt;</a>&nbsp;&nbsp;&nbsp;vListInsert
</UL>
<BR>[Called By]<UL><LI><a href="#[359]">&gt;&gt;</a>&nbsp;&nbsp;&nbsp;prvProcessTimerOrBlockTask
<LI><a href="#[356]">&gt;&gt;</a>&nbsp;&nbsp;&nbsp;prvProcessReceivedCommands
</UL>

<P><STRONG><a name="[356]"></a>prvProcessReceivedCommands</STRONG> (Thumb, 248 bytes, Stack size 48 bytes, timers.o(i.prvProcessReceivedCommands))
<BR><BR>[Stack]<UL><LI>Max Depth = 240<LI>Call Chain = prvProcessReceivedCommands &rArr; prvSampleTimeNow &rArr; prvSwitchTimerLists &rArr; xTimerGenericCommand &rArr; xQueueGenericSend &rArr; xTaskResumeAll &rArr; xTaskIncrementTick
</UL>
<BR>[Calls]<UL><LI><a href="#[332]">&gt;&gt;</a>&nbsp;&nbsp;&nbsp;xQueueReceive
<LI><a href="#[340]">&gt;&gt;</a>&nbsp;&nbsp;&nbsp;uxListRemove
<LI><a href="#[34d]">&gt;&gt;</a>&nbsp;&nbsp;&nbsp;vPortFree
<LI><a href="#[358]">&gt;&gt;</a>&nbsp;&nbsp;&nbsp;xTimerGenericCommand
<LI><a href="#[357]">&gt;&gt;</a>&nbsp;&nbsp;&nbsp;prvSampleTimeNow
<LI><a href="#[354]">&gt;&gt;</a>&nbsp;&nbsp;&nbsp;prvInsertTimerInActiveList
</UL>
<BR>[Called By]<UL><LI><a href="#[c4]">&gt;&gt;</a>&nbsp;&nbsp;&nbsp;prvTimerTask
</UL>

<P><STRONG><a name="[359]"></a>prvProcessTimerOrBlockTask</STRONG> (Thumb, 182 bytes, Stack size 32 bytes, timers.o(i.prvProcessTimerOrBlockTask))
<BR><BR>[Stack]<UL><LI>Max Depth = 224<LI>Call Chain = prvProcessTimerOrBlockTask &rArr; prvSampleTimeNow &rArr; prvSwitchTimerLists &rArr; xTimerGenericCommand &rArr; xQueueGenericSend &rArr; xTaskResumeAll &rArr; xTaskIncrementTick
</UL>
<BR>[Calls]<UL><LI><a href="#[35c]">&gt;&gt;</a>&nbsp;&nbsp;&nbsp;vQueueWaitForMessageRestricted
<LI><a href="#[340]">&gt;&gt;</a>&nbsp;&nbsp;&nbsp;uxListRemove
<LI><a href="#[35b]">&gt;&gt;</a>&nbsp;&nbsp;&nbsp;xTaskResumeAll
<LI><a href="#[35a]">&gt;&gt;</a>&nbsp;&nbsp;&nbsp;vTaskSuspendAll
<LI><a href="#[358]">&gt;&gt;</a>&nbsp;&nbsp;&nbsp;xTimerGenericCommand
<LI><a href="#[357]">&gt;&gt;</a>&nbsp;&nbsp;&nbsp;prvSampleTimeNow
<LI><a href="#[354]">&gt;&gt;</a>&nbsp;&nbsp;&nbsp;prvInsertTimerInActiveList
</UL>
<BR>[Called By]<UL><LI><a href="#[c4]">&gt;&gt;</a>&nbsp;&nbsp;&nbsp;prvTimerTask
</UL>

<P><STRONG><a name="[357]"></a>prvSampleTimeNow</STRONG> (Thumb, 36 bytes, Stack size 16 bytes, timers.o(i.prvSampleTimeNow))
<BR><BR>[Stack]<UL><LI>Max Depth = 192<LI>Call Chain = prvSampleTimeNow &rArr; prvSwitchTimerLists &rArr; xTimerGenericCommand &rArr; xQueueGenericSend &rArr; xTaskResumeAll &rArr; xTaskIncrementTick
</UL>
<BR>[Calls]<UL><LI><a href="#[35e]">&gt;&gt;</a>&nbsp;&nbsp;&nbsp;prvSwitchTimerLists
<LI><a href="#[35d]">&gt;&gt;</a>&nbsp;&nbsp;&nbsp;xTaskGetTickCount
</UL>
<BR>[Called By]<UL><LI><a href="#[359]">&gt;&gt;</a>&nbsp;&nbsp;&nbsp;prvProcessTimerOrBlockTask
<LI><a href="#[356]">&gt;&gt;</a>&nbsp;&nbsp;&nbsp;prvProcessReceivedCommands
</UL>

<P><STRONG><a name="[35e]"></a>prvSwitchTimerLists</STRONG> (Thumb, 104 bytes, Stack size 24 bytes, timers.o(i.prvSwitchTimerLists))
<BR><BR>[Stack]<UL><LI>Max Depth = 176<LI>Call Chain = prvSwitchTimerLists &rArr; xTimerGenericCommand &rArr; xQueueGenericSend &rArr; xTaskResumeAll &rArr; xTaskIncrementTick
</UL>
<BR>[Calls]<UL><LI><a href="#[342]">&gt;&gt;</a>&nbsp;&nbsp;&nbsp;vListInsert
<LI><a href="#[340]">&gt;&gt;</a>&nbsp;&nbsp;&nbsp;uxListRemove
<LI><a href="#[358]">&gt;&gt;</a>&nbsp;&nbsp;&nbsp;xTimerGenericCommand
</UL>
<BR>[Called By]<UL><LI><a href="#[357]">&gt;&gt;</a>&nbsp;&nbsp;&nbsp;prvSampleTimeNow
</UL>

<P><STRONG><a name="[c4]"></a>prvTimerTask</STRONG> (Thumb, 32 bytes, Stack size 0 bytes, timers.o(i.prvTimerTask))
<BR><BR>[Stack]<UL><LI>Max Depth = 240<LI>Call Chain = prvTimerTask &rArr; prvProcessReceivedCommands &rArr; prvSampleTimeNow &rArr; prvSwitchTimerLists &rArr; xTimerGenericCommand &rArr; xQueueGenericSend &rArr; xTaskResumeAll &rArr; xTaskIncrementTick
</UL>
<BR>[Calls]<UL><LI><a href="#[359]">&gt;&gt;</a>&nbsp;&nbsp;&nbsp;prvProcessTimerOrBlockTask
<LI><a href="#[356]">&gt;&gt;</a>&nbsp;&nbsp;&nbsp;prvProcessReceivedCommands
</UL>
<BR>[Address Reference Count : 1]<UL><LI> timers.o(i.xTimerCreateTimerTask)
</UL>
<P><STRONG><a name="[363]"></a>prvHeapInit</STRONG> (Thumb, 64 bytes, Stack size 0 bytes, heap_4.o(i.prvHeapInit))
<BR><BR>[Called By]<UL><LI><a href="#[362]">&gt;&gt;</a>&nbsp;&nbsp;&nbsp;pvPortMalloc
</UL>

<P><STRONG><a name="[364]"></a>prvInsertBlockIntoFreeList</STRONG> (Thumb, 72 bytes, Stack size 12 bytes, heap_4.o(i.prvInsertBlockIntoFreeList))
<BR><BR>[Stack]<UL><LI>Max Depth = 12<LI>Call Chain = prvInsertBlockIntoFreeList
</UL>
<BR>[Called By]<UL><LI><a href="#[34d]">&gt;&gt;</a>&nbsp;&nbsp;&nbsp;vPortFree
<LI><a href="#[362]">&gt;&gt;</a>&nbsp;&nbsp;&nbsp;pvPortMalloc
</UL>

<P><STRONG><a name="[c0]"></a>prvTaskExitError</STRONG> (Thumb, 36 bytes, Stack size 0 bytes, port.o(i.prvTaskExitError))
<BR>[Address Reference Count : 1]<UL><LI> port.o(i.pxPortInitialiseStack)
</UL>
<P><STRONG><a name="[19e]"></a>__sti___21_TypedTextDatabase_cpp_05ec7672</STRONG> (Thumb, 24 bytes, Stack size 8 bytes, typedtextdatabase_1.o(i.__sti___21_TypedTextDatabase_cpp_05ec7672))
<BR><BR>[Stack]<UL><LI>Max Depth = 148<LI>Call Chain = __sti___21_TypedTextDatabase_cpp_05ec7672 &rArr; getFont_verdana_40_4bpp() &rArr; touchgfx::GeneratedFont::GeneratedFont(const touchgfx::GlyphNode*, unsigned short, unsigned short, unsigned char, unsigned char, unsigned char, unsigned char, unsigned char, const unsigned char*const *, const touchgfx::KerningNode*, unsigned short, unsigned short, const unsigned short*, const touchgfx::FontContextualFormsTable*) &rArr; touchgfx::ConstFont::ConstFont__sub_object(const touchgfx::GlyphNode*, unsigned short, unsigned short, unsigned char, unsigned char, unsigned char, unsigned char, unsigned char, unsigned short, unsigned short)
</UL>
<BR>[Calls]<UL><LI><a href="#[25e]">&gt;&gt;</a>&nbsp;&nbsp;&nbsp;getFont_verdana_40_4bpp()
<LI><a href="#[25d]">&gt;&gt;</a>&nbsp;&nbsp;&nbsp;getFont_verdana_20_4bpp()
<LI><a href="#[25a]">&gt;&gt;</a>&nbsp;&nbsp;&nbsp;getFont_verdana_10_4bpp()
</UL>
<BR>[Address Reference Count : 1]<UL><LI> typedtextdatabase_1.o(.init_array)
</UL>
<P><STRONG><a name="[19f]"></a>__sti___15_Application_cpp_63cd8d44</STRONG> (Thumb, 14 bytes, Stack size 0 bytes, application.o(i.__sti___15_Application_cpp_63cd8d44))
<BR>[Address Reference Count : 1]<UL><LI> application.o(.init_array)
</UL>
<P><STRONG><a name="[1a0]"></a>__sti___7_LCD_cpp_86507772</STRONG> (Thumb, 8 bytes, Stack size 0 bytes, lcd.o(i.__sti___7_LCD_cpp_86507772))
<BR>[Address Reference Count : 1]<UL><LI> lcd.o(.init_array)
</UL><P>
<H3>
Undefined Global Symbols
</H3><HR></body></html>
